2026-05-26 08:13:18,563 | INFO | httpx | HTTP Request: GET http://localhost:8001/auth/me "HTTP/1.1 200 OK"
2026-05-26 08:13:18,563 | INFO | api-gateway.http | request | request_id=c6f6284c-46a2-4226-acd4-0d32abb72637 | method=GET | path=/api/auth/me | status_code=200 | elapsed_ms=491.08
2026-05-26 08:14:18,587 | INFO | httpx | HTTP Request: GET http://localhost:8003/orders/1 "HTTP/1.1 200 OK"
2026-05-26 08:14:18,587 | INFO | api-gateway.http | request | request_id=fa0c5ff3-d1d3-466a-81d5-037cc60b7b67 | method=GET | path=/api/orders/1 | status_code=200 | elapsed_ms=438.67
2026-05-26 08:15:20,022 | INFO | httpx | HTTP Request: POST http://localhost:8003/orders "HTTP/1.1 201 Created"
2026-05-26 08:15:20,024 | INFO | api-gateway.http | request | request_id=411f71e4-42ae-4601-b612-24cb73e3ea91 | method=POST | path=/api/orders | status_code=201 | elapsed_ms=2622.53
2026-05-26 08:33:16,070 | INFO | api-gateway.http | request | request_id=5d180ca9-5c9a-4f79-9861-5084b5247bd2 | method=OPTIONS | path=/api/products | status_code=405 | elapsed_ms=3.00
2026-05-26 08:42:13,851 | INFO | httpx | HTTP Request: GET http://localhost:8002/health "HTTP/1.1 200 OK"
2026-05-26 08:42:13,852 | INFO | httpx | HTTP Request: GET http://localhost:8004/health "HTTP/1.1 200 OK"
2026-05-26 08:42:13,852 | INFO | httpx | HTTP Request: GET http://localhost:8003/health "HTTP/1.1 200 OK"
2026-05-26 08:42:13,863 | INFO | httpx | HTTP Request: GET http://localhost:8001/health "HTTP/1.1 200 OK"
2026-05-26 08:42:13,867 | INFO | api-gateway.http | request | request_id=11d6ee33-c1d7-4fcc-ae4c-8f54aae528a2 | method=GET | path=/dashboard | status_code=200 | elapsed_ms=1152.64
2026-05-26 09:10:32,325 | INFO | httpx | HTTP Request: GET http://localhost:8004/health "HTTP/1.1 200 OK"
2026-05-26 09:10:32,329 | INFO | httpx | HTTP Request: GET http://localhost:8001/health "HTTP/1.1 200 OK"
2026-05-26 09:10:32,330 | INFO | httpx | HTTP Request: GET http://localhost:8003/health "HTTP/1.1 200 OK"
2026-05-26 09:10:32,331 | INFO | httpx | HTTP Request: GET http://localhost:8002/health "HTTP/1.1 200 OK"
2026-05-26 09:10:32,333 | INFO | api-gateway.http | request | request_id=7ab303a3-82bf-4e45-be21-c0d81409d7a7 | method=GET | path=/dashboard | status_code=200 | elapsed_ms=1035.38
2026-05-26 09:11:22,799 | INFO | httpx | HTTP Request: GET http://localhost:8002/products "HTTP/1.1 200 OK"
2026-05-26 09:11:22,799 | INFO | api-gateway.http | request | request_id=cc4c4ba5-7bf9-42a8-9ba7-30eeff73dc65 | method=GET | path=/api/products | status_code=200 | elapsed_ms=621.99
2026-05-26 09:11:23,226 | INFO | httpx | HTTP Request: GET http://localhost:8002/products "HTTP/1.1 200 OK"
2026-05-26 09:11:23,228 | INFO | api-gateway.http | request | request_id=f2b2c36a-5951-480f-be74-4b6e6adb8ec0 | method=GET | path=/api/products | status_code=200 | elapsed_ms=422.15
2026-05-26 09:11:23,656 | INFO | httpx | HTTP Request: GET http://localhost:8002/products "HTTP/1.1 200 OK"
2026-05-26 09:11:23,658 | INFO | api-gateway.http | request | request_id=949bcf13-8d9d-4629-8d45-e8af4ce9fc1d | method=GET | path=/api/products | status_code=200 | elapsed_ms=429.09
2026-05-26 09:11:46,103 | INFO | httpx | HTTP Request: POST http://localhost:8001/auth/login "HTTP/1.1 200 OK"
2026-05-26 09:11:46,103 | INFO | api-gateway.http | request | request_id=d0128905-9fb9-40f1-83be-a24833a696c9 | method=POST | path=/api/auth/login | status_code=200 | elapsed_ms=789.59
2026-05-26 09:12:18,408 | INFO | httpx | HTTP Request: POST http://localhost:8001/auth/login "HTTP/1.1 200 OK"
2026-05-26 09:12:18,410 | INFO | api-gateway.http | request | request_id=23033877-b1c9-4767-ad38-b18cbb654de9 | method=POST | path=/api/auth/login | status_code=200 | elapsed_ms=616.59
2026-05-26 09:12:50,362 | INFO | httpx | HTTP Request: POST http://localhost:8001/auth/login "HTTP/1.1 200 OK"
2026-05-26 09:12:50,362 | INFO | api-gateway.http | request | request_id=978c73ef-4293-4aa2-af61-f67c4754e4c7 | method=POST | path=/api/auth/login | status_code=200 | elapsed_ms=642.10
2026-05-26 09:13:15,408 | INFO | httpx | HTTP Request: POST http://localhost:8001/auth/login "HTTP/1.1 200 OK"
2026-05-26 09:13:15,410 | INFO | api-gateway.http | request | request_id=39f832ec-c3d8-48e4-b6a1-f104cb50006a | method=POST | path=/api/auth/login | status_code=200 | elapsed_ms=611.00
2026-05-26 09:13:20,767 | INFO | httpx | HTTP Request: POST http://localhost:8001/auth/login "HTTP/1.1 200 OK"
2026-05-26 09:13:20,767 | INFO | api-gateway.http | request | request_id=c39107a7-a96f-4335-97c5-23a80ec144d4 | method=POST | path=/api/auth/login | status_code=200 | elapsed_ms=607.63
2026-05-26 09:13:23,655 | INFO | httpx | HTTP Request: POST http://localhost:8001/auth/login "HTTP/1.1 200 OK"
2026-05-26 09:13:23,660 | INFO | api-gateway.http | request | request_id=e86e1aba-8733-4567-a17d-57de2b98e39b | method=POST | path=/api/auth/login | status_code=200 | elapsed_ms=617.39
2026-05-26 09:13:42,181 | INFO | httpx | HTTP Request: POST http://localhost:8001/auth/login "HTTP/1.1 401 Unauthorized"
2026-05-26 09:13:42,182 | INFO | api-gateway.http | request | request_id=d54d69b0-8d70-482e-82b1-23108d4c5579 | method=POST | path=/api/auth/login | status_code=401 | elapsed_ms=416.30
2026-05-26 09:13:55,571 | INFO | httpx | HTTP Request: POST http://localhost:8001/auth/login "HTTP/1.1 401 Unauthorized"
2026-05-26 09:13:55,572 | INFO | api-gateway.http | request | request_id=5615b30b-3abb-4cd1-b8d6-588c03ed3159 | method=POST | path=/api/auth/login | status_code=401 | elapsed_ms=422.97
2026-05-26 09:15:51,598 | INFO | httpx | HTTP Request: POST http://localhost:8001/auth/login "HTTP/1.1 401 Unauthorized"
2026-05-26 09:15:51,598 | INFO | api-gateway.http | request | request_id=ef33e430-6330-40c7-b26b-9ea8f2f1bf51 | method=POST | path=/api/auth/login | status_code=401 | elapsed_ms=439.81
2026-05-26 09:16:23,869 | INFO | httpx | HTTP Request: POST http://localhost:8001/auth/login "HTTP/1.1 401 Unauthorized"
2026-05-26 09:16:23,870 | INFO | api-gateway.http | request | request_id=3dd35fe6-1317-4970-81f2-d089388e4bed | method=POST | path=/api/auth/login | status_code=401 | elapsed_ms=431.87
2026-05-26 09:17:01,035 | INFO | httpx | HTTP Request: POST http://localhost:8001/auth/login "HTTP/1.1 401 Unauthorized"
2026-05-26 09:17:01,035 | INFO | api-gateway.http | request | request_id=fb91505a-05d3-426c-a3a2-46795c8b7f44 | method=POST | path=/api/auth/login | status_code=401 | elapsed_ms=423.79
2026-05-26 09:17:07,657 | INFO | httpx | HTTP Request: POST http://localhost:8001/auth/login "HTTP/1.1 401 Unauthorized"
2026-05-26 09:17:07,657 | INFO | api-gateway.http | request | request_id=b55c1e56-69cc-4f5d-9064-905679d45acf | method=POST | path=/api/auth/login | status_code=401 | elapsed_ms=416.76
2026-05-26 09:17:52,448 | INFO | httpx | HTTP Request: POST http://localhost:8001/auth/login "HTTP/1.1 401 Unauthorized"
2026-05-26 09:17:52,448 | INFO | api-gateway.http | request | request_id=4c45a3f8-cacc-4696-be16-849f949041f9 | method=POST | path=/api/auth/login | status_code=401 | elapsed_ms=428.92
2026-05-26 09:18:22,177 | INFO | httpx | HTTP Request: POST http://localhost:8001/auth/login "HTTP/1.1 401 Unauthorized"
2026-05-26 09:18:22,177 | INFO | api-gateway.http | request | request_id=b4cca7a4-ad75-4537-8b09-075d493426d6 | method=POST | path=/api/auth/login | status_code=401 | elapsed_ms=439.85
2026-05-26 09:21:36,549 | INFO | httpx | HTTP Request: POST http://localhost:8001/auth/login "HTTP/1.1 200 OK"
2026-05-26 09:21:36,549 | INFO | api-gateway.http | request | request_id=0ee1f754-78d7-4d69-8dba-ae115daa3280 | method=POST | path=/api/auth/login | status_code=200 | elapsed_ms=608.24
2026-05-26 09:21:43,704 | INFO | httpx | HTTP Request: POST http://localhost:8001/auth/login "HTTP/1.1 200 OK"
2026-05-26 09:21:43,705 | INFO | api-gateway.http | request | request_id=88a44733-6717-4dc9-8f42-999d0c20f9e2 | method=POST | path=/api/auth/login | status_code=200 | elapsed_ms=595.62
2026-05-26 09:24:14,258 | INFO | httpx | HTTP Request: POST http://localhost:8001/auth/login "HTTP/1.1 200 OK"
2026-05-26 09:24:14,258 | INFO | api-gateway.http | request | request_id=a190da77-c476-49e5-960c-2514b7f5aa69 | method=POST | path=/api/auth/login | status_code=200 | elapsed_ms=599.94
2026-05-26 09:24:18,996 | INFO | httpx | HTTP Request: POST http://localhost:8001/auth/login "HTTP/1.1 200 OK"
2026-05-26 09:24:18,996 | INFO | api-gateway.http | request | request_id=cc864f99-0767-43c4-8a99-90de93a21a5e | method=POST | path=/api/auth/login | status_code=200 | elapsed_ms=607.26
2026-05-26 09:24:41,286 | INFO | httpx | HTTP Request: POST http://localhost:8001/auth/login "HTTP/1.1 200 OK"
2026-05-26 09:24:41,288 | INFO | api-gateway.http | request | request_id=3a397e70-d108-477e-b808-ca209d0e7c1d | method=POST | path=/api/auth/login | status_code=200 | elapsed_ms=616.75
2026-05-26 09:24:49,743 | INFO | httpx | HTTP Request: POST http://localhost:8001/auth/login "HTTP/1.1 401 Unauthorized"
2026-05-26 09:24:49,751 | INFO | api-gateway.http | request | request_id=3d61639f-7241-44a2-974f-03a93e136df7 | method=POST | path=/api/auth/login | status_code=401 | elapsed_ms=409.67
2026-05-26 09:25:21,724 | INFO | httpx | HTTP Request: POST http://localhost:8001/auth/login "HTTP/1.1 200 OK"
2026-05-26 09:25:21,724 | INFO | api-gateway.http | request | request_id=ee63519c-4269-4861-a121-24f26fcb89c5 | method=POST | path=/api/auth/login | status_code=200 | elapsed_ms=635.53
2026-05-26 09:29:25,880 | INFO | httpx | HTTP Request: POST http://localhost:8001/auth/login "HTTP/1.1 200 OK"
2026-05-26 09:29:25,880 | INFO | api-gateway.http | request | request_id=b0a3adef-ef50-4b1e-a6fc-847a8781147e | method=POST | path=/api/auth/login | status_code=200 | elapsed_ms=648.42
2026-05-26 09:29:25,894 | INFO | api-gateway.http | request | request_id=8c6f739e-7979-4813-9418-2568dc8214f9 | method=OPTIONS | path=/api/auth/me | status_code=200 | elapsed_ms=0.18
2026-05-26 09:29:26,328 | INFO | httpx | HTTP Request: GET http://localhost:8001/auth/me "HTTP/1.1 200 OK"
2026-05-26 09:29:26,328 | INFO | api-gateway.http | request | request_id=2064a65d-0e96-4627-8367-d88f1e1d761e | method=GET | path=/api/auth/me | status_code=200 | elapsed_ms=433.67
2026-05-26 09:29:26,349 | INFO | api-gateway.http | request | request_id=2bb99088-df10-4e0a-800d-277e20b121b2 | method=OPTIONS | path=/api/products | status_code=200 | elapsed_ms=0.18
2026-05-26 09:29:26,353 | INFO | api-gateway.http | request | request_id=76722137-0ca2-4146-b87b-bc092087311c | method=OPTIONS | path=/api/products | status_code=200 | elapsed_ms=0.27
2026-05-26 09:29:26,807 | INFO | httpx | HTTP Request: GET http://localhost:8002/products "HTTP/1.1 200 OK"
2026-05-26 09:29:26,807 | INFO | api-gateway.http | request | request_id=5fc34902-5d72-4ee3-8b7f-8db82991a101 | method=GET | path=/api/products | status_code=200 | elapsed_ms=451.63
2026-05-26 09:29:27,245 | INFO | httpx | HTTP Request: GET http://localhost:8002/products "HTTP/1.1 200 OK"
2026-05-26 09:29:27,247 | INFO | api-gateway.http | request | request_id=3661ac4b-7ebb-402a-be10-7ec1c952af47 | method=GET | path=/api/products | status_code=200 | elapsed_ms=434.17
2026-05-26 09:29:34,646 | INFO | api-gateway.http | request | request_id=63687f6d-6ff9-45f9-aa57-48b26ce316e8 | method=OPTIONS | path=/api/orders | status_code=200 | elapsed_ms=0.28
2026-05-26 09:29:34,646 | INFO | api-gateway.http | request | request_id=f432018f-03a8-480a-ba69-60faf5a9aed6 | method=OPTIONS | path=/api/orders | status_code=200 | elapsed_ms=0.62
2026-05-26 09:29:35,209 | INFO | httpx | HTTP Request: GET http://localhost:8003/orders "HTTP/1.1 200 OK"
2026-05-26 09:29:35,215 | INFO | api-gateway.http | request | request_id=de170163-0050-4299-a5e6-0402822fd361 | method=GET | path=/api/orders | status_code=200 | elapsed_ms=565.79
2026-05-26 09:29:35,389 | INFO | httpx | HTTP Request: GET http://localhost:8002/products "HTTP/1.1 200 OK"
2026-05-26 09:29:35,389 | INFO | api-gateway.http | request | request_id=2a6dfbf8-bc12-434b-af0c-f8bc13a7b0c3 | method=GET | path=/api/products | status_code=200 | elapsed_ms=506.64
2026-05-26 09:29:35,654 | INFO | httpx | HTTP Request: GET http://localhost:8003/orders "HTTP/1.1 200 OK"
2026-05-26 09:29:35,656 | INFO | api-gateway.http | request | request_id=af9f3f67-23c0-4729-b731-a122488eed99 | method=GET | path=/api/orders | status_code=200 | elapsed_ms=440.14
2026-05-26 09:29:35,835 | INFO | httpx | HTTP Request: GET http://localhost:8002/products "HTTP/1.1 200 OK"
2026-05-26 09:29:35,836 | INFO | api-gateway.http | request | request_id=4deb28ff-8b65-45ee-b1b2-68a266f530e0 | method=GET | path=/api/products | status_code=200 | elapsed_ms=444.14
2026-05-26 09:29:37,649 | INFO | httpx | HTTP Request: GET http://localhost:8002/products "HTTP/1.1 200 OK"
2026-05-26 09:29:37,652 | INFO | api-gateway.http | request | request_id=936ffa36-a598-499b-b1f1-03a37424f392 | method=GET | path=/api/products | status_code=200 | elapsed_ms=450.28
2026-05-26 09:29:37,917 | INFO | httpx | HTTP Request: GET http://localhost:8003/orders "HTTP/1.1 200 OK"
2026-05-26 09:29:37,918 | INFO | api-gateway.http | request | request_id=00b28336-4df9-4fc9-b412-0a42de9c1277 | method=GET | path=/api/orders | status_code=200 | elapsed_ms=438.46
2026-05-26 09:29:38,084 | INFO | httpx | HTTP Request: GET http://localhost:8002/products "HTTP/1.1 200 OK"
2026-05-26 09:29:38,086 | INFO | api-gateway.http | request | request_id=5849f4ef-2d51-459b-84b2-b79efc20ef34 | method=GET | path=/api/products | status_code=200 | elapsed_ms=431.70
2026-05-26 09:29:38,320 | INFO | httpx | HTTP Request: GET http://localhost:8003/orders "HTTP/1.1 200 OK"
2026-05-26 09:29:38,320 | INFO | api-gateway.http | request | request_id=afad0004-5a0e-484e-876f-66c180552347 | method=GET | path=/api/orders | status_code=200 | elapsed_ms=409.44
2026-05-26 09:29:47,709 | INFO | httpx | HTTP Request: GET http://localhost:8003/orders "HTTP/1.1 200 OK"
2026-05-26 09:29:47,709 | INFO | api-gateway.http | request | request_id=5e9304dc-f431-4a9e-88f1-1b66c636584f | method=GET | path=/api/orders | status_code=200 | elapsed_ms=486.01
2026-05-26 09:29:48,145 | INFO | httpx | HTTP Request: GET http://localhost:8003/orders "HTTP/1.1 200 OK"
2026-05-26 09:29:48,145 | INFO | api-gateway.http | request | request_id=616f7b85-95d5-4137-816b-44bdd144aa97 | method=GET | path=/api/orders | status_code=200 | elapsed_ms=429.14
2026-05-26 09:30:00,896 | INFO | httpx | HTTP Request: GET http://localhost:8003/orders "HTTP/1.1 200 OK"
2026-05-26 09:30:00,896 | INFO | api-gateway.http | request | request_id=e5452464-4951-4ea4-aa6f-6d10e44ce14d | method=GET | path=/api/orders | status_code=200 | elapsed_ms=439.46
2026-05-26 09:30:01,326 | INFO | httpx | HTTP Request: GET http://localhost:8003/orders "HTTP/1.1 200 OK"
2026-05-26 09:30:01,326 | INFO | api-gateway.http | request | request_id=4b322566-18a6-4832-8b34-6911d6189c3c | method=GET | path=/api/orders | status_code=200 | elapsed_ms=428.06
2026-05-26 09:30:02,402 | INFO | httpx | HTTP Request: GET http://localhost:8002/products "HTTP/1.1 200 OK"
2026-05-26 09:30:02,403 | INFO | api-gateway.http | request | request_id=f33f4a96-8213-4d48-9e50-a44600035694 | method=GET | path=/api/products | status_code=200 | elapsed_ms=432.24
2026-05-26 09:30:02,815 | INFO | httpx | HTTP Request: GET http://localhost:8002/products "HTTP/1.1 200 OK"
2026-05-26 09:30:02,816 | INFO | api-gateway.http | request | request_id=55e26b84-5ccc-4fb7-adfb-7dff4aca1307 | method=GET | path=/api/products | status_code=200 | elapsed_ms=411.17
2026-05-26 09:30:05,457 | INFO | api-gateway.http | request | request_id=9832e64c-6230-4323-ad37-d8da7d51ffdf | method=OPTIONS | path=/api/products/1 | status_code=200 | elapsed_ms=0.18
2026-05-26 09:30:05,458 | INFO | api-gateway.http | request | request_id=a41ae97e-1a14-44fa-a2ea-73546554dccd | method=OPTIONS | path=/api/products/1 | status_code=200 | elapsed_ms=0.17
2026-05-26 09:30:05,892 | INFO | httpx | HTTP Request: GET http://localhost:8002/products/1 "HTTP/1.1 200 OK"
2026-05-26 09:30:05,893 | INFO | api-gateway.http | request | request_id=870bc871-0305-478b-90b8-e62f536d4542 | method=GET | path=/api/products/1 | status_code=200 | elapsed_ms=433.04
2026-05-26 09:30:06,318 | INFO | httpx | HTTP Request: GET http://localhost:8002/products/1 "HTTP/1.1 200 OK"
2026-05-26 09:30:06,319 | INFO | api-gateway.http | request | request_id=4c678ea8-6650-44a1-979f-51d818fa7b6e | method=GET | path=/api/products/1 | status_code=200 | elapsed_ms=424.36
2026-05-26 09:30:08,784 | INFO | httpx | HTTP Request: GET http://localhost:8002/products "HTTP/1.1 200 OK"
2026-05-26 09:30:08,786 | INFO | api-gateway.http | request | request_id=8b70b843-13bb-4728-a283-9143412b0570 | method=GET | path=/api/products | status_code=200 | elapsed_ms=425.99
2026-05-26 09:30:09,215 | INFO | httpx | HTTP Request: GET http://localhost:8002/products "HTTP/1.1 200 OK"
2026-05-26 09:30:09,216 | INFO | api-gateway.http | request | request_id=3e31e66b-1fa8-4e6d-b971-48eb6a157bed | method=GET | path=/api/products | status_code=200 | elapsed_ms=429.41
2026-05-26 09:30:09,986 | INFO | api-gateway.http | request | request_id=24b12686-6b61-437c-8ed1-e55bba1a02fb | method=OPTIONS | path=/api/products/2 | status_code=200 | elapsed_ms=0.18
2026-05-26 09:30:09,988 | INFO | api-gateway.http | request | request_id=9ee8a9f9-4c95-4b28-acf4-69f8f3914ef9 | method=OPTIONS | path=/api/products/2 | status_code=200 | elapsed_ms=0.16
2026-05-26 09:30:10,423 | INFO | httpx | HTTP Request: GET http://localhost:8002/products/2 "HTTP/1.1 200 OK"
2026-05-26 09:30:10,426 | INFO | api-gateway.http | request | request_id=ec9654e2-026d-4114-9e29-4536d4d8b84b | method=GET | path=/api/products/2 | status_code=200 | elapsed_ms=434.88
2026-05-26 09:30:10,891 | INFO | httpx | HTTP Request: GET http://localhost:8002/products/2 "HTTP/1.1 200 OK"
2026-05-26 09:30:10,891 | INFO | api-gateway.http | request | request_id=b2bc6c1d-2f1a-46eb-9a12-f1a50599b0e9 | method=GET | path=/api/products/2 | status_code=200 | elapsed_ms=466.03
2026-05-26 09:30:12,570 | INFO | httpx | HTTP Request: GET http://localhost:8002/products "HTTP/1.1 200 OK"
2026-05-26 09:30:12,570 | INFO | api-gateway.http | request | request_id=f11b174a-7184-4c2c-a9c5-d5bcf9f28bcd | method=GET | path=/api/products | status_code=200 | elapsed_ms=416.48
2026-05-26 09:30:12,994 | INFO | httpx | HTTP Request: GET http://localhost:8002/products "HTTP/1.1 200 OK"
2026-05-26 09:30:12,996 | INFO | api-gateway.http | request | request_id=d1585487-334c-478c-bec3-2141d141d8ab | method=GET | path=/api/products | status_code=200 | elapsed_ms=423.07
2026-05-26 09:30:14,243 | INFO | httpx | HTTP Request: GET http://localhost:8002/products/1 "HTTP/1.1 200 OK"
2026-05-26 09:30:14,243 | INFO | api-gateway.http | request | request_id=35474909-cd0c-4b52-b6c5-2265649b2975 | method=GET | path=/api/products/1 | status_code=200 | elapsed_ms=424.11
2026-05-26 09:30:14,662 | INFO | httpx | HTTP Request: GET http://localhost:8002/products/1 "HTTP/1.1 200 OK"
2026-05-26 09:30:14,662 | INFO | api-gateway.http | request | request_id=6849b317-3bc0-4482-ae1c-adbe941834b0 | method=GET | path=/api/products/1 | status_code=200 | elapsed_ms=426.66
2026-05-26 09:30:16,153 | INFO | httpx | HTTP Request: GET http://localhost:8002/products "HTTP/1.1 200 OK"
2026-05-26 09:30:16,153 | INFO | api-gateway.http | request | request_id=ebd5344d-7aca-4f15-9245-1e3807a4bd48 | method=GET | path=/api/products | status_code=200 | elapsed_ms=428.20
2026-05-26 09:30:16,590 | INFO | httpx | HTTP Request: GET http://localhost:8002/products "HTTP/1.1 200 OK"
2026-05-26 09:30:16,590 | INFO | api-gateway.http | request | request_id=fece4665-56f1-4bd8-aeac-68617a8d7e65 | method=GET | path=/api/products | status_code=200 | elapsed_ms=432.70
2026-05-26 09:30:17,118 | INFO | httpx | HTTP Request: GET http://localhost:8002/products/1 "HTTP/1.1 200 OK"
2026-05-26 09:30:17,118 | INFO | api-gateway.http | request | request_id=32b95a9a-cef8-46be-abf4-7e0e0205dc0b | method=GET | path=/api/products/1 | status_code=200 | elapsed_ms=423.78
2026-05-26 09:30:17,544 | INFO | httpx | HTTP Request: GET http://localhost:8002/products/1 "HTTP/1.1 200 OK"
2026-05-26 09:30:17,545 | INFO | api-gateway.http | request | request_id=8c3139af-47f2-4db4-b375-e2d44c1b2545 | method=GET | path=/api/products/1 | status_code=200 | elapsed_ms=424.52
2026-05-26 09:30:19,251 | INFO | httpx | HTTP Request: GET http://localhost:8002/products "HTTP/1.1 200 OK"
2026-05-26 09:30:19,251 | INFO | api-gateway.http | request | request_id=8eaad1da-0ea1-4200-bb79-8d1234441952 | method=GET | path=/api/products | status_code=200 | elapsed_ms=416.82
2026-05-26 09:30:19,681 | INFO | httpx | HTTP Request: GET http://localhost:8002/products "HTTP/1.1 200 OK"
2026-05-26 09:30:19,681 | INFO | api-gateway.http | request | request_id=b00a9fdb-70c5-4ea7-9851-91980e459abe | method=GET | path=/api/products | status_code=200 | elapsed_ms=429.25
2026-05-26 09:31:49,848 | INFO | httpx | HTTP Request: GET http://localhost:8002/products "HTTP/1.1 200 OK"
2026-05-26 09:31:49,848 | INFO | api-gateway.http | request | request_id=bc041872-9e6f-4eaf-8ddd-c31961e39d91 | method=GET | path=/api/products | status_code=200 | elapsed_ms=445.54
2026-05-26 09:31:50,299 | INFO | httpx | HTTP Request: GET http://localhost:8002/products "HTTP/1.1 200 OK"
2026-05-26 09:31:50,299 | INFO | api-gateway.http | request | request_id=1f32dd0d-b994-4248-976f-2690bddb977c | method=GET | path=/api/products | status_code=200 | elapsed_ms=450.27
2026-05-26 09:32:43,993 | INFO | httpx | HTTP Request: GET http://localhost:8003/orders "HTTP/1.1 200 OK"
2026-05-26 09:32:43,993 | INFO | api-gateway.http | request | request_id=f5a030be-afca-4b90-ad63-65504f391e41 | method=GET | path=/api/orders | status_code=200 | elapsed_ms=577.84
2026-05-26 09:32:44,249 | INFO | httpx | HTTP Request: GET http://localhost:8002/products "HTTP/1.1 200 OK"
2026-05-26 09:32:44,250 | INFO | api-gateway.http | request | request_id=75b3d46d-e48e-4b33-ab52-b5af7899e970 | method=GET | path=/api/products | status_code=200 | elapsed_ms=430.49
2026-05-26 09:32:44,419 | INFO | httpx | HTTP Request: GET http://localhost:8003/orders "HTTP/1.1 200 OK"
2026-05-26 09:32:44,419 | INFO | api-gateway.http | request | request_id=0ea45003-8fab-4858-ae8e-de274ddb717d | method=GET | path=/api/orders | status_code=200 | elapsed_ms=425.39
2026-05-26 09:32:44,660 | INFO | httpx | HTTP Request: GET http://localhost:8002/products "HTTP/1.1 200 OK"
2026-05-26 09:32:44,661 | INFO | api-gateway.http | request | request_id=f7ef973f-23d9-4ab2-8d6c-4b30928cca56 | method=GET | path=/api/products | status_code=200 | elapsed_ms=409.13
2026-05-26 09:32:45,476 | INFO | httpx | HTTP Request: GET http://localhost:8003/orders "HTTP/1.1 200 OK"
2026-05-26 09:32:45,477 | INFO | api-gateway.http | request | request_id=56db5040-0d3d-4a28-b007-64088dbffa8a | method=GET | path=/api/orders | status_code=200 | elapsed_ms=433.53
2026-05-26 09:32:45,887 | INFO | httpx | HTTP Request: GET http://localhost:8003/orders "HTTP/1.1 200 OK"
2026-05-26 09:32:45,887 | INFO | api-gateway.http | request | request_id=a4099d40-c146-49fb-9131-101262eeb187 | method=GET | path=/api/orders | status_code=200 | elapsed_ms=415.89
2026-05-26 09:32:50,208 | INFO | httpx | HTTP Request: GET http://localhost:8002/products "HTTP/1.1 200 OK"
2026-05-26 09:32:50,208 | INFO | api-gateway.http | request | request_id=ada86b9b-f879-48a9-9041-1647e47d1c78 | method=GET | path=/api/products | status_code=200 | elapsed_ms=409.48
2026-05-26 09:32:50,633 | INFO | httpx | HTTP Request: GET http://localhost:8002/products "HTTP/1.1 200 OK"
2026-05-26 09:32:50,633 | INFO | api-gateway.http | request | request_id=ff0975be-3716-46bc-a8a2-45875ed0cb5d | method=GET | path=/api/products | status_code=200 | elapsed_ms=424.31
2026-05-26 09:32:51,972 | INFO | httpx | HTTP Request: GET http://localhost:8003/orders "HTTP/1.1 200 OK"
2026-05-26 09:32:51,972 | INFO | api-gateway.http | request | request_id=497a7fb1-ec4d-4428-9bd7-7f3011a4cde7 | method=GET | path=/api/orders | status_code=200 | elapsed_ms=410.57
2026-05-26 09:32:52,405 | INFO | httpx | HTTP Request: GET http://localhost:8003/orders "HTTP/1.1 200 OK"
2026-05-26 09:32:52,405 | INFO | api-gateway.http | request | request_id=cf5471f5-162b-4a04-afea-d33b5c55b088 | method=GET | path=/api/orders | status_code=200 | elapsed_ms=435.56
2026-05-26 09:32:56,215 | INFO | httpx | HTTP Request: GET http://localhost:8002/products "HTTP/1.1 200 OK"
2026-05-26 09:32:56,215 | INFO | api-gateway.http | request | request_id=97960e12-ad34-4da3-92f6-016fb113c486 | method=GET | path=/api/products | status_code=200 | elapsed_ms=423.79
2026-05-26 09:32:56,625 | INFO | httpx | HTTP Request: GET http://localhost:8002/products "HTTP/1.1 200 OK"
2026-05-26 09:32:56,625 | INFO | api-gateway.http | request | request_id=0348278c-8f2c-409d-add7-e24cc7d57f72 | method=GET | path=/api/products | status_code=200 | elapsed_ms=411.81
2026-05-26 09:32:58,416 | INFO | httpx | HTTP Request: GET http://localhost:8002/products/1 "HTTP/1.1 200 OK"
2026-05-26 09:32:58,417 | INFO | api-gateway.http | request | request_id=e6adedf3-9e93-4b0a-9955-6395e53be311 | method=GET | path=/api/products/1 | status_code=200 | elapsed_ms=425.91
2026-05-26 09:32:58,840 | INFO | httpx | HTTP Request: GET http://localhost:8002/products/1 "HTTP/1.1 200 OK"
2026-05-26 09:32:58,840 | INFO | api-gateway.http | request | request_id=11cf1002-4d1d-4b08-b3f6-aa49fa67ef96 | method=GET | path=/api/products/1 | status_code=200 | elapsed_ms=422.65
2026-05-26 09:32:59,251 | INFO | api-gateway.http | request | request_id=e701f90e-fc6d-40cc-9c5c-875b44310166 | method=OPTIONS | path=/api/orders | status_code=200 | elapsed_ms=0.16
2026-05-26 09:33:01,963 | INFO | httpx | HTTP Request: POST http://localhost:8003/orders "HTTP/1.1 201 Created"
2026-05-26 09:33:01,964 | INFO | api-gateway.http | request | request_id=a295305d-4377-4520-bf34-7b0a9fc9b23a | method=POST | path=/api/orders | status_code=201 | elapsed_ms=2712.17
2026-05-26 09:33:02,394 | INFO | httpx | HTTP Request: GET http://localhost:8003/orders "HTTP/1.1 200 OK"
2026-05-26 09:33:02,395 | INFO | api-gateway.http | request | request_id=0f4db931-e5aa-4e66-9bf2-d90f11085674 | method=GET | path=/api/orders | status_code=200 | elapsed_ms=417.81
2026-05-26 09:33:02,815 | INFO | httpx | HTTP Request: GET http://localhost:8003/orders "HTTP/1.1 200 OK"
2026-05-26 09:33:02,816 | INFO | api-gateway.http | request | request_id=c79d5e31-2332-4804-ad2e-3499eab63df8 | method=GET | path=/api/orders | status_code=200 | elapsed_ms=419.94
2026-05-26 09:33:03,406 | INFO | httpx | HTTP Request: POST http://localhost:8003/orders "HTTP/1.1 201 Created"
2026-05-26 09:33:03,407 | INFO | api-gateway.http | request | request_id=4dbedb14-0658-4c83-aaed-9e45daeb6e08 | method=POST | path=/api/orders | status_code=201 | elapsed_ms=2579.18
2026-05-26 09:34:15,730 | INFO | httpx | HTTP Request: GET http://localhost:8001/auth/me "HTTP/1.1 200 OK"
2026-05-26 09:34:15,730 | INFO | httpx | HTTP Request: GET http://localhost:8003/orders "HTTP/1.1 200 OK"
2026-05-26 09:34:15,730 | INFO | api-gateway.http | request | request_id=250a8316-87f9-4019-8455-b61aeed59236 | method=GET | path=/api/auth/me | status_code=200 | elapsed_ms=614.16
2026-05-26 09:34:15,730 | INFO | api-gateway.http | request | request_id=90035939-aa35-43af-b2ff-3840267fc6f4 | method=GET | path=/api/orders | status_code=200 | elapsed_ms=615.07
2026-05-26 09:34:16,160 | INFO | httpx | HTTP Request: GET http://localhost:8001/auth/me "HTTP/1.1 200 OK"
2026-05-26 09:34:16,160 | INFO | api-gateway.http | request | request_id=9f0c8e89-dbb8-4b8b-af78-58838b022ba8 | method=GET | path=/api/auth/me | status_code=200 | elapsed_ms=427.42
2026-05-26 09:34:16,347 | INFO | httpx | HTTP Request: GET http://localhost:8003/orders "HTTP/1.1 200 OK"
2026-05-26 09:34:16,347 | INFO | api-gateway.http | request | request_id=c060a650-26e9-447f-9358-3dafc6a96ad6 | method=GET | path=/api/orders | status_code=200 | elapsed_ms=612.36
2026-05-26 09:34:40,605 | INFO | httpx | HTTP Request: GET http://localhost:8001/auth/me "HTTP/1.1 200 OK"
2026-05-26 09:34:40,607 | INFO | api-gateway.http | request | request_id=d96622bd-73cf-4bda-bbb0-324c934d5731 | method=GET | path=/api/auth/me | status_code=200 | elapsed_ms=429.67
2026-05-26 09:34:47,690 | INFO | api-gateway.http | request | request_id=c4dc6e92-5005-4d0e-957b-9af9507bb5bf | method=OPTIONS | path=/api/notifications | status_code=200 | elapsed_ms=0.35
2026-05-26 09:34:47,690 | INFO | api-gateway.http | request | request_id=5e689826-1c25-453f-811a-db5328f046c4 | method=OPTIONS | path=/api/notifications | status_code=200 | elapsed_ms=0.88
2026-05-26 09:34:48,142 | INFO | httpx | HTTP Request: GET http://localhost:8001/auth/me "HTTP/1.1 200 OK"
2026-05-26 09:34:48,144 | INFO | api-gateway.http | request | request_id=17ee953a-c5a3-4853-8bad-9b96003e7baf | method=GET | path=/api/auth/me | status_code=200 | elapsed_ms=454.72
2026-05-26 09:34:48,361 | INFO | httpx | HTTP Request: GET http://localhost:8004/notifications "HTTP/1.1 200 OK"
2026-05-26 09:34:48,361 | INFO | api-gateway.http | request | request_id=51197948-806b-44a0-90b2-075037d939f4 | method=GET | path=/api/notifications | status_code=200 | elapsed_ms=486.03
2026-05-26 09:34:48,569 | INFO | httpx | HTTP Request: GET http://localhost:8001/auth/me "HTTP/1.1 200 OK"
2026-05-26 09:34:48,569 | INFO | api-gateway.http | request | request_id=e2fab8bd-939f-4ac8-94eb-fe859d6a6e72 | method=GET | path=/api/auth/me | status_code=200 | elapsed_ms=429.71
2026-05-26 09:34:48,791 | INFO | httpx | HTTP Request: GET http://localhost:8004/notifications "HTTP/1.1 200 OK"
2026-05-26 09:34:48,791 | INFO | api-gateway.http | request | request_id=817fa37c-c119-4c6a-b06d-7ea640b8f004 | method=GET | path=/api/notifications | status_code=200 | elapsed_ms=430.45
2026-05-26 09:34:58,665 | INFO | httpx | HTTP Request: GET http://localhost:8001/auth/me "HTTP/1.1 200 OK"
2026-05-26 09:34:58,667 | INFO | api-gateway.http | request | request_id=2c118f8b-133d-4d07-9f94-967a39ab4575 | method=GET | path=/api/auth/me | status_code=200 | elapsed_ms=490.65
2026-05-26 09:34:58,918 | INFO | httpx | HTTP Request: GET http://localhost:8004/notifications "HTTP/1.1 200 OK"
2026-05-26 09:34:58,920 | INFO | api-gateway.http | request | request_id=c5450f0b-eab4-4bf4-aca0-48ce5fb949bf | method=GET | path=/api/notifications | status_code=200 | elapsed_ms=440.41
2026-05-26 09:35:08,083 | INFO | httpx | HTTP Request: GET http://localhost:8001/auth/me "HTTP/1.1 200 OK"
2026-05-26 09:35:08,083 | INFO | httpx | HTTP Request: GET http://localhost:8004/notifications "HTTP/1.1 200 OK"
2026-05-26 09:35:08,088 | INFO | api-gateway.http | request | request_id=bef71de1-d750-4f9c-8835-975cb11afd0f | method=GET | path=/api/notifications | status_code=200 | elapsed_ms=606.42
2026-05-26 09:35:08,088 | INFO | api-gateway.http | request | request_id=1743f564-ae74-4e55-a30d-43f25dcee9e5 | method=GET | path=/api/auth/me | status_code=200 | elapsed_ms=607.23
2026-05-26 09:35:14,671 | INFO | httpx | HTTP Request: GET http://localhost:8001/auth/me "HTTP/1.1 200 OK"
2026-05-26 09:35:14,673 | INFO | api-gateway.http | request | request_id=2e073b16-a87d-4e3d-aa3f-d260e478e27e | method=GET | path=/api/auth/me | status_code=200 | elapsed_ms=505.16
2026-05-26 09:35:14,919 | INFO | httpx | HTTP Request: GET http://localhost:8004/notifications "HTTP/1.1 200 OK"
2026-05-26 09:35:14,921 | INFO | api-gateway.http | request | request_id=4509e30a-c0fc-451e-9b47-afe913548287 | method=GET | path=/api/notifications | status_code=200 | elapsed_ms=450.17
2026-05-26 09:35:22,064 | INFO | httpx | HTTP Request: GET http://localhost:8001/auth/me "HTTP/1.1 200 OK"
2026-05-26 09:35:22,064 | INFO | httpx | HTTP Request: GET http://localhost:8004/notifications "HTTP/1.1 200 OK"
2026-05-26 09:35:22,066 | INFO | api-gateway.http | request | request_id=1b4e146a-bd59-43c3-8afb-285b2abdc87c | method=GET | path=/api/auth/me | status_code=200 | elapsed_ms=592.84
2026-05-26 09:35:22,066 | INFO | api-gateway.http | request | request_id=2dbdae42-1d6b-42f1-ab8f-5bd462135a77 | method=GET | path=/api/notifications | status_code=200 | elapsed_ms=592.90
2026-05-26 09:36:09,553 | INFO | httpx | HTTP Request: GET http://localhost:8001/auth/me "HTTP/1.1 200 OK"
2026-05-26 09:36:09,555 | INFO | api-gateway.http | request | request_id=3edd12d7-f3db-4a5a-9b92-d6ca92b80611 | method=GET | path=/api/auth/me | status_code=200 | elapsed_ms=479.40
2026-05-26 09:36:09,806 | INFO | httpx | HTTP Request: GET http://localhost:8004/notifications "HTTP/1.1 200 OK"
2026-05-26 09:36:09,807 | INFO | api-gateway.http | request | request_id=8d8cafa8-b4e6-41e7-8998-b8f0379d9cad | method=GET | path=/api/notifications | status_code=200 | elapsed_ms=425.16
2026-05-26 09:36:09,985 | INFO | httpx | HTTP Request: GET http://localhost:8001/auth/me "HTTP/1.1 200 OK"
2026-05-26 09:36:09,987 | INFO | api-gateway.http | request | request_id=bc008f1f-c656-40af-82a1-58ada80e8519 | method=GET | path=/api/auth/me | status_code=200 | elapsed_ms=430.23
2026-05-26 09:36:10,240 | INFO | httpx | HTTP Request: GET http://localhost:8004/notifications "HTTP/1.1 200 OK"
2026-05-26 09:36:10,247 | INFO | api-gateway.http | request | request_id=c22fc61c-8c27-4636-9530-78d8136dce83 | method=GET | path=/api/notifications | status_code=200 | elapsed_ms=437.99
2026-05-26 09:36:11,960 | INFO | httpx | HTTP Request: GET http://localhost:8002/products "HTTP/1.1 200 OK"
2026-05-26 09:36:11,960 | INFO | api-gateway.http | request | request_id=93d87370-b902-4174-a47e-4e39eb668b9a | method=GET | path=/api/products | status_code=200 | elapsed_ms=432.02
2026-05-26 09:36:12,515 | INFO | httpx | HTTP Request: GET http://localhost:8002/products "HTTP/1.1 200 OK"
2026-05-26 09:36:12,517 | INFO | api-gateway.http | request | request_id=f9e6c13c-26c5-4274-9304-8db343671581 | method=GET | path=/api/products | status_code=200 | elapsed_ms=555.06
2026-05-26 09:36:12,768 | INFO | httpx | HTTP Request: GET http://localhost:8003/orders "HTTP/1.1 200 OK"
2026-05-26 09:36:12,768 | INFO | api-gateway.http | request | request_id=8cca20f7-97c2-466f-a551-5cd88db55db4 | method=GET | path=/api/orders | status_code=200 | elapsed_ms=444.14
2026-05-26 09:36:13,229 | INFO | httpx | HTTP Request: GET http://localhost:8003/orders "HTTP/1.1 200 OK"
2026-05-26 09:36:13,231 | INFO | api-gateway.http | request | request_id=f5e37468-df22-4309-94c8-699f790c92b5 | method=GET | path=/api/orders | status_code=200 | elapsed_ms=456.60
2026-05-26 09:37:08,152 | INFO | httpx | HTTP Request: GET http://localhost:8002/products "HTTP/1.1 200 OK"
2026-05-26 09:37:08,159 | INFO | api-gateway.http | request | request_id=ce9bb021-5849-4b50-92de-4ce9e6abf117 | method=GET | path=/api/products | status_code=200 | elapsed_ms=442.38
2026-05-26 09:37:08,584 | INFO | httpx | HTTP Request: GET http://localhost:8002/products "HTTP/1.1 200 OK"
2026-05-26 09:37:08,584 | INFO | api-gateway.http | request | request_id=2c7bb242-ef22-438a-9e19-259fbd13245c | method=GET | path=/api/products | status_code=200 | elapsed_ms=426.86
2026-05-26 09:37:09,089 | INFO | httpx | HTTP Request: GET http://localhost:8002/products/1 "HTTP/1.1 200 OK"
2026-05-26 09:37:09,089 | INFO | api-gateway.http | request | request_id=3abe03e5-8018-4966-bb55-3c9c5562bd42 | method=GET | path=/api/products/1 | status_code=200 | elapsed_ms=423.13
2026-05-26 09:37:09,569 | INFO | httpx | HTTP Request: GET http://localhost:8002/products/1 "HTTP/1.1 200 OK"
2026-05-26 09:37:09,569 | INFO | api-gateway.http | request | request_id=5b3b14da-6852-4957-bb3b-ce3c0fca752c | method=GET | path=/api/products/1 | status_code=200 | elapsed_ms=481.26
2026-05-26 09:37:12,285 | INFO | httpx | HTTP Request: GET http://localhost:8002/products "HTTP/1.1 200 OK"
2026-05-26 09:37:12,285 | INFO | api-gateway.http | request | request_id=e61ef8e3-dfa5-4f56-a250-6198dc7b8622 | method=GET | path=/api/products | status_code=200 | elapsed_ms=441.29
2026-05-26 09:37:12,726 | INFO | httpx | HTTP Request: GET http://localhost:8002/products "HTTP/1.1 200 OK"
2026-05-26 09:37:12,726 | INFO | api-gateway.http | request | request_id=3a11b232-3ca1-4b3c-99e0-a380ec97bbd6 | method=GET | path=/api/products | status_code=200 | elapsed_ms=437.98
2026-05-26 09:37:20,668 | INFO | httpx | HTTP Request: GET http://localhost:8003/orders "HTTP/1.1 200 OK"
2026-05-26 09:37:20,670 | INFO | api-gateway.http | request | request_id=fd4bbc88-d73f-4d91-ba00-ca3a16f1ac39 | method=GET | path=/api/orders | status_code=200 | elapsed_ms=489.02
2026-05-26 09:37:20,931 | INFO | httpx | HTTP Request: GET http://localhost:8002/products "HTTP/1.1 200 OK"
2026-05-26 09:37:20,939 | INFO | api-gateway.http | request | request_id=7fdeda1e-6be1-419b-9e04-2af1bb5646b5 | method=GET | path=/api/products | status_code=200 | elapsed_ms=466.24
2026-05-26 09:37:21,139 | INFO | httpx | HTTP Request: GET http://localhost:8003/orders "HTTP/1.1 200 OK"
2026-05-26 09:37:21,145 | INFO | api-gateway.http | request | request_id=13dbff26-dd8e-4cb7-8310-4fb6a2cdff5a | method=GET | path=/api/orders | status_code=200 | elapsed_ms=473.27
2026-05-26 09:37:21,384 | INFO | httpx | HTTP Request: GET http://localhost:8002/products "HTTP/1.1 200 OK"
2026-05-26 09:37:21,384 | INFO | api-gateway.http | request | request_id=03b01278-73ce-41d6-9b33-befaa5df4221 | method=GET | path=/api/products | status_code=200 | elapsed_ms=450.26
2026-05-26 09:40:24,496 | INFO | api-gateway.http | request | request_id=507b5a3f-dc50-409f-8efb-73b1985ba009 | method=OPTIONS | path=/api/auth/me | status_code=200 | elapsed_ms=0.39
2026-05-26 09:40:24,496 | INFO | api-gateway.http | request | request_id=b62d1877-4110-4bd9-bb35-76f02ef22363 | method=OPTIONS | path=/api/auth/me | status_code=200 | elapsed_ms=0.94
2026-05-26 09:40:24,937 | INFO | httpx | HTTP Request: GET http://localhost:8004/notifications "HTTP/1.1 200 OK"
2026-05-26 09:40:24,937 | INFO | api-gateway.http | request | request_id=9b806995-8a6e-4f45-b741-22e227ee9a71 | method=GET | path=/api/notifications | status_code=200 | elapsed_ms=442.72
2026-05-26 09:40:25,117 | INFO | httpx | HTTP Request: GET http://localhost:8001/auth/me "HTTP/1.1 200 OK"
2026-05-26 09:40:25,124 | INFO | api-gateway.http | request | request_id=2678f5f8-56c9-4693-a93c-572ea0ec9ff4 | method=GET | path=/api/auth/me | status_code=200 | elapsed_ms=459.63
2026-05-26 09:40:25,368 | INFO | httpx | HTTP Request: GET http://localhost:8004/notifications "HTTP/1.1 200 OK"
2026-05-26 09:40:25,368 | INFO | api-gateway.http | request | request_id=f498f320-a6f0-4043-81cb-12430b37e11a | method=GET | path=/api/notifications | status_code=200 | elapsed_ms=430.89
2026-05-26 09:40:25,555 | INFO | httpx | HTTP Request: GET http://localhost:8001/auth/me "HTTP/1.1 200 OK"
2026-05-26 09:40:25,555 | INFO | api-gateway.http | request | request_id=24aac35d-676b-4af3-bbbc-0ba2ddba435a | method=GET | path=/api/auth/me | status_code=200 | elapsed_ms=431.76
2026-05-26 09:41:20,417 | INFO | httpx | HTTP Request: GET http://localhost:8001/auth/me "HTTP/1.1 200 OK"
2026-05-26 09:41:20,417 | INFO | api-gateway.http | request | request_id=b4a1f04a-f17a-483a-a076-74972420f055 | method=GET | path=/api/auth/me | status_code=200 | elapsed_ms=479.58
2026-05-26 09:41:20,666 | INFO | httpx | HTTP Request: GET http://localhost:8004/notifications "HTTP/1.1 200 OK"
2026-05-26 09:41:20,666 | INFO | api-gateway.http | request | request_id=3da14a1a-bd20-4e9c-8fa2-cf6a30293873 | method=GET | path=/api/notifications | status_code=200 | elapsed_ms=425.78
2026-05-26 09:41:20,841 | INFO | httpx | HTTP Request: GET http://localhost:8001/auth/me "HTTP/1.1 200 OK"
2026-05-26 09:41:20,841 | INFO | api-gateway.http | request | request_id=bdb2a334-9ea2-4042-b52e-033719e64a98 | method=GET | path=/api/auth/me | status_code=200 | elapsed_ms=424.70
2026-05-26 09:41:21,085 | INFO | httpx | HTTP Request: GET http://localhost:8004/notifications "HTTP/1.1 200 OK"
2026-05-26 09:41:21,087 | INFO | api-gateway.http | request | request_id=2c78d6bd-43bc-46c6-aaaf-29940c21287a | method=GET | path=/api/notifications | status_code=200 | elapsed_ms=415.96
2026-05-26 09:41:25,086 | INFO | httpx | HTTP Request: GET http://localhost:8003/orders "HTTP/1.1 200 OK"
2026-05-26 09:41:25,086 | INFO | api-gateway.http | request | request_id=04e8e335-3463-4e83-b01d-114422e90f4f | method=GET | path=/api/orders | status_code=200 | elapsed_ms=440.46
2026-05-26 09:41:25,286 | INFO | api-gateway.http | request | request_id=25119490-0b8f-41b1-b8d0-0dd7d9904052 | method=OPTIONS | path=/api/products | status_code=200 | elapsed_ms=0.25
2026-05-26 09:41:25,287 | INFO | api-gateway.http | request | request_id=36b7538b-595a-4678-93a4-88c8acbfdc64 | method=OPTIONS | path=/api/products | status_code=200 | elapsed_ms=0.32
2026-05-26 09:41:25,548 | INFO | httpx | HTTP Request: GET http://localhost:8003/orders "HTTP/1.1 200 OK"
2026-05-26 09:41:25,548 | INFO | api-gateway.http | request | request_id=cd134d5a-e9f3-4e5e-b0da-cceb77b3bb5e | method=GET | path=/api/orders | status_code=200 | elapsed_ms=461.36
2026-05-26 09:41:25,707 | INFO | httpx | HTTP Request: GET http://localhost:8002/products "HTTP/1.1 200 OK"
2026-05-26 09:41:25,708 | INFO | api-gateway.http | request | request_id=4b535252-df5f-4a53-89c6-367c2cea1575 | method=GET | path=/api/products | status_code=200 | elapsed_ms=418.75
2026-05-26 09:41:26,128 | INFO | httpx | HTTP Request: GET http://localhost:8002/products "HTTP/1.1 200 OK"
2026-05-26 09:41:26,129 | INFO | api-gateway.http | request | request_id=9548049e-10b2-4734-8872-4dc1b84b6abc | method=GET | path=/api/products | status_code=200 | elapsed_ms=420.04
2026-05-26 09:49:19,478 | INFO | api-gateway.http | request | request_id=5d0973a7-8fc1-4fac-9c2e-cf4e45719b66 | method=OPTIONS | path=/api/notifications | status_code=200 | elapsed_ms=0.20
2026-05-26 09:49:19,936 | INFO | httpx | HTTP Request: GET http://localhost:8001/auth/me "HTTP/1.1 200 OK"
2026-05-26 09:49:19,936 | INFO | api-gateway.http | request | request_id=e0aa7fab-7c35-4352-8043-ec6a390068f6 | method=GET | path=/api/auth/me | status_code=200 | elapsed_ms=461.00
2026-05-26 09:49:20,096 | INFO | httpx | HTTP Request: GET http://localhost:8004/notifications "HTTP/1.1 200 OK"
2026-05-26 09:49:20,096 | INFO | api-gateway.http | request | request_id=8cb223e8-8eb7-4a8a-ac37-fa111d07f46d | method=GET | path=/api/notifications | status_code=200 | elapsed_ms=428.03
2026-05-26 09:54:09,482 | INFO | httpx | HTTP Request: GET http://localhost:8004/health "HTTP/1.1 200 OK"
2026-05-26 09:54:09,482 | INFO | httpx | HTTP Request: GET http://localhost:8001/health "HTTP/1.1 200 OK"
2026-05-26 09:54:09,484 | INFO | httpx | HTTP Request: GET http://localhost:8003/health "HTTP/1.1 200 OK"
2026-05-26 09:54:09,486 | INFO | httpx | HTTP Request: GET http://localhost:8002/health "HTTP/1.1 200 OK"
2026-05-26 09:54:09,487 | INFO | api-gateway.http | request | request_id=c771f774-b96f-42ac-9680-5679b0871553 | method=GET | path=/dashboard | status_code=200 | elapsed_ms=938.92
