2026-05-26 08:12:16,517 | INFO | notification-service | starting notification consumer thread
2026-05-26 08:12:16,526 | INFO | pika.adapters.utils.connection_workflow | Pika version 1.3.2 connecting to ('::1', 5672, 0, 0)
2026-05-26 08:12:16,526 | INFO | pika.adapters.utils.io_services_utils | Socket connected: <socket.socket fd=1304, family=23, type=1, proto=6, laddr=('::1', 65129, 0, 0), raddr=('::1', 5672, 0, 0)>
2026-05-26 08:12:16,526 | INFO | pika.adapters.utils.connection_workflow | Streaming transport linked up: (<pika.adapters.utils.io_services_utils._AsyncPlaintextTransport object at 0x000001DE3FB1EF90>, _StreamingProtocolShim: <SelectConnection PROTOCOL transport=<pika.adapters.utils.io_services_utils._AsyncPlaintextTransport object at 0x000001DE3FB1EF90> params=<URLParameters host=localhost port=5672 virtual_host=/ ssl=False>>).
2026-05-26 08:12:17,460 | INFO | notification-service | starting notification consumer thread
2026-05-26 08:12:17,462 | INFO | pika.adapters.utils.connection_workflow | Pika version 1.3.2 connecting to ('::1', 5672, 0, 0)
2026-05-26 08:12:17,463 | INFO | pika.adapters.utils.io_services_utils | Socket connected: <socket.socket fd=1216, family=23, type=1, proto=6, laddr=('::1', 65140, 0, 0), raddr=('::1', 5672, 0, 0)>
2026-05-26 08:12:17,464 | INFO | pika.adapters.utils.connection_workflow | Streaming transport linked up: (<pika.adapters.utils.io_services_utils._AsyncPlaintextTransport object at 0x000002651156EC90>, _StreamingProtocolShim: <SelectConnection PROTOCOL transport=<pika.adapters.utils.io_services_utils._AsyncPlaintextTransport object at 0x000002651156EC90> params=<URLParameters host=localhost port=5672 virtual_host=/ ssl=False>>).
2026-05-26 08:12:17,522 | INFO | pika.adapters.utils.connection_workflow | AMQPConnector - reporting success: <SelectConnection OPEN transport=<pika.adapters.utils.io_services_utils._AsyncPlaintextTransport object at 0x000002651156EC90> params=<URLParameters host=localhost port=5672 virtual_host=/ ssl=False>>
2026-05-26 08:12:17,522 | INFO | pika.adapters.utils.connection_workflow | AMQPConnectionWorkflow - reporting success: <SelectConnection OPEN transport=<pika.adapters.utils.io_services_utils._AsyncPlaintextTransport object at 0x000002651156EC90> params=<URLParameters host=localhost port=5672 virtual_host=/ ssl=False>>
2026-05-26 08:12:17,522 | INFO | pika.adapters.blocking_connection | Connection workflow succeeded: <SelectConnection OPEN transport=<pika.adapters.utils.io_services_utils._AsyncPlaintextTransport object at 0x000002651156EC90> params=<URLParameters host=localhost port=5672 virtual_host=/ ssl=False>>
2026-05-26 08:12:17,523 | INFO | pika.adapters.blocking_connection | Created channel=1
2026-05-26 08:12:17,527 | INFO | app.messaging | notification-service consumer started and waiting for messages
2026-05-26 08:15:20,033 | INFO | app.messaging | processed order.created event for order_id=6 request_id=411f71e4-42ae-4601-b612-24cb73e3ea91
2026-05-26 08:15:58,275 | INFO | notification-service.http | request | request_id=- | method=GET | path=/notifications | status_code=200 | elapsed_ms=7.80
2026-05-26 08:42:13,841 | INFO | notification-service | health check requested
2026-05-26 08:42:13,843 | INFO | notification-service.http | request | request_id=- | method=GET | path=/health | status_code=200 | elapsed_ms=38.87
2026-05-26 09:10:32,321 | INFO | notification-service | health check requested
2026-05-26 09:10:32,323 | INFO | notification-service.http | request | request_id=- | method=GET | path=/health | status_code=200 | elapsed_ms=4.03
2026-05-26 09:33:02,063 | INFO | app.messaging | processed order.created event for order_id=7 request_id=a295305d-4377-4520-bf34-7b0a9fc9b23a
2026-05-26 09:33:03,413 | INFO | app.messaging | processed order.created event for order_id=8 request_id=4dbedb14-0658-4c83-aaed-9e45daeb6e08
2026-05-26 09:34:48,354 | INFO | notification-service.http | request | request_id=51197948-806b-44a0-90b2-075037d939f4 | method=GET | path=/notifications | status_code=200 | elapsed_ms=36.31
2026-05-26 09:34:48,791 | INFO | notification-service.http | request | request_id=817fa37c-c119-4c6a-b06d-7ea640b8f004 | method=GET | path=/notifications | status_code=200 | elapsed_ms=5.56
2026-05-26 09:34:58,917 | INFO | notification-service.http | request | request_id=c5450f0b-eab4-4bf4-aca0-48ce5fb949bf | method=GET | path=/notifications | status_code=200 | elapsed_ms=5.41
2026-05-26 09:35:08,083 | INFO | notification-service.http | request | request_id=bef71de1-d750-4f9c-8835-975cb11afd0f | method=GET | path=/notifications | status_code=200 | elapsed_ms=5.16
2026-05-26 09:35:14,919 | INFO | notification-service.http | request | request_id=4509e30a-c0fc-451e-9b47-afe913548287 | method=GET | path=/notifications | status_code=200 | elapsed_ms=5.47
2026-05-26 09:35:22,063 | INFO | notification-service.http | request | request_id=2dbdae42-1d6b-42f1-ab8f-5bd462135a77 | method=GET | path=/notifications | status_code=200 | elapsed_ms=5.27
2026-05-26 09:36:09,805 | INFO | notification-service.http | request | request_id=8d8cafa8-b4e6-41e7-8998-b8f0379d9cad | method=GET | path=/notifications | status_code=200 | elapsed_ms=4.89
2026-05-26 09:36:10,240 | INFO | notification-service.http | request | request_id=c22fc61c-8c27-4636-9530-78d8136dce83 | method=GET | path=/notifications | status_code=200 | elapsed_ms=4.84
2026-05-26 09:40:24,937 | INFO | notification-service.http | request | request_id=9b806995-8a6e-4f45-b741-22e227ee9a71 | method=GET | path=/notifications | status_code=200 | elapsed_ms=5.51
2026-05-26 09:40:25,368 | INFO | notification-service.http | request | request_id=f498f320-a6f0-4043-81cb-12430b37e11a | method=GET | path=/notifications | status_code=200 | elapsed_ms=4.30
2026-05-26 09:41:20,666 | INFO | notification-service.http | request | request_id=3da14a1a-bd20-4e9c-8fa2-cf6a30293873 | method=GET | path=/notifications | status_code=200 | elapsed_ms=6.29
2026-05-26 09:41:21,085 | INFO | notification-service.http | request | request_id=2c78d6bd-43bc-46c6-aaaf-29940c21287a | method=GET | path=/notifications | status_code=200 | elapsed_ms=4.36
2026-05-26 09:49:20,096 | INFO | notification-service.http | request | request_id=8cb223e8-8eb7-4a8a-ac37-fa111d07f46d | method=GET | path=/notifications | status_code=200 | elapsed_ms=6.38
2026-05-26 09:54:09,480 | INFO | notification-service | health check requested
2026-05-26 09:54:09,481 | INFO | notification-service.http | request | request_id=- | method=GET | path=/health | status_code=200 | elapsed_ms=1.48
2026-05-26 10:12:09,236 | INFO | notification-service.http | request | request_id=b452f739-3d27-42b2-ba94-87e706234a85 | method=GET | path=/notifications | status_code=200 | elapsed_ms=23.83
2026-05-26 10:12:09,685 | INFO | notification-service.http | request | request_id=80017e04-47e5-4d4f-9e8c-09601df284f1 | method=GET | path=/notifications | status_code=200 | elapsed_ms=5.80
2026-05-26 10:13:27,479 | INFO | notification-service.http | request | request_id=fd73d291-fe73-45d3-8478-4ff5f7e7f71b | method=GET | path=/notifications | status_code=200 | elapsed_ms=6.89
2026-05-26 10:13:28,055 | INFO | notification-service.http | request | request_id=a9ceda61-8406-471e-ba0c-3388c1dde010 | method=GET | path=/notifications | status_code=200 | elapsed_ms=5.95
2026-05-26 10:16:25,068 | INFO | notification-service.http | request | request_id=dd49d710-cc31-4df2-bc13-d1ef2a050644 | method=GET | path=/notifications | status_code=200 | elapsed_ms=5.31
2026-05-26 10:16:28,085 | INFO | notification-service.http | request | request_id=76a07b2d-ecc0-437c-96b9-ae583f5bb37b | method=GET | path=/notifications | status_code=200 | elapsed_ms=4.61
2026-05-26 10:16:35,946 | INFO | notification-service.http | request | request_id=8928a527-9ca6-48e7-b463-88d4aa24c656 | method=GET | path=/notifications | status_code=200 | elapsed_ms=6.06
2026-05-26 10:16:36,379 | INFO | notification-service.http | request | request_id=3fe8a5f9-ac28-4ea5-b36e-bbfb29e0d506 | method=GET | path=/notifications | status_code=200 | elapsed_ms=4.70
2026-05-26 10:16:42,305 | INFO | notification-service.http | request | request_id=4b5011db-4cdc-45c7-be3c-46241445ff7b | method=GET | path=/notifications | status_code=200 | elapsed_ms=5.79
2026-05-26 10:16:42,964 | INFO | notification-service.http | request | request_id=fae7b4e0-f563-4a21-9f4b-148f869e20b0 | method=GET | path=/notifications | status_code=200 | elapsed_ms=5.29
2026-05-26 10:16:47,171 | INFO | notification-service.http | request | request_id=50b0c77e-da20-404c-a72e-62e7d299318a | method=GET | path=/notifications | status_code=200 | elapsed_ms=4.83
2026-05-26 10:16:47,591 | INFO | notification-service.http | request | request_id=82d66d66-8a64-41ce-83cf-cf84bf5f93c0 | method=GET | path=/notifications | status_code=200 | elapsed_ms=4.62
2026-05-26 10:17:54,268 | INFO | notification-service.http | request | request_id=f54df0df-637b-40e1-a5d9-667c6335faf1 | method=GET | path=/notifications | status_code=200 | elapsed_ms=5.62
2026-05-26 10:17:54,865 | INFO | notification-service.http | request | request_id=5a237e86-0714-4005-b493-cdadeee3bc00 | method=GET | path=/notifications | status_code=200 | elapsed_ms=5.39
2026-05-26 10:19:36,255 | INFO | notification-service.http | request | request_id=c0411dbd-be03-4e83-aa60-7c7552317933 | method=GET | path=/notifications | status_code=200 | elapsed_ms=5.97
2026-05-26 10:19:49,129 | INFO | notification-service.http | request | request_id=c7f11bc4-73fd-45d7-93ea-63acba520e9a | method=GET | path=/notifications | status_code=200 | elapsed_ms=7.73
2026-05-26 10:20:00,361 | INFO | notification-service.http | request | request_id=e8c20508-34fc-4fdd-9d5f-d0fccd66e17d | method=GET | path=/notifications | status_code=200 | elapsed_ms=4.91
2026-05-26 10:20:20,136 | INFO | notification-service.http | request | request_id=907d41e9-e56f-4e37-9f53-5aa7fb68571f | method=GET | path=/notifications | status_code=200 | elapsed_ms=4.65
2026-05-26 10:20:51,308 | INFO | notification-service.http | request | request_id=a791b216-957c-4ae9-881f-30198d7e7cbb | method=GET | path=/notifications | status_code=200 | elapsed_ms=9.66
2026-05-26 10:24:17,039 | INFO | notification-service.http | request | request_id=04ec22b8-4c4f-4028-a846-8ca30f3f87e1 | method=GET | path=/notifications | status_code=200 | elapsed_ms=6.11
2026-05-26 10:24:17,474 | INFO | notification-service.http | request | request_id=6292fb92-5d21-4224-9b12-23a612a15fb5 | method=GET | path=/notifications | status_code=200 | elapsed_ms=4.88
2026-05-26 10:24:29,290 | INFO | notification-service.http | request | request_id=8ab06073-5197-463f-afba-513c9fa2f3ff | method=GET | path=/notifications | status_code=200 | elapsed_ms=8.10
2026-05-26 10:24:29,937 | INFO | notification-service.http | request | request_id=3c74b695-4246-474d-be31-0711b3eb92f1 | method=GET | path=/notifications | status_code=200 | elapsed_ms=5.17
2026-05-26 10:25:01,691 | INFO | notification-service.http | request | request_id=fd68867f-6cd8-474d-a9c0-47bb4642d9a6 | method=GET | path=/notifications | status_code=200 | elapsed_ms=5.80
2026-05-26 10:25:02,128 | INFO | notification-service.http | request | request_id=bfa89feb-07d3-4385-b008-bbadd9a6a333 | method=GET | path=/notifications | status_code=200 | elapsed_ms=4.73
2026-05-26 10:26:01,233 | INFO | notification-service.http | request | request_id=9f027194-2000-4dbf-8dc6-7754154b0d05 | method=GET | path=/notifications | status_code=200 | elapsed_ms=8.66
2026-05-26 10:26:01,728 | INFO | notification-service.http | request | request_id=81e4f7ab-69b0-4db4-830e-5f1661a38a74 | method=GET | path=/notifications | status_code=200 | elapsed_ms=5.35
2026-05-26 10:26:11,205 | INFO | notification-service.http | request | request_id=4c27dbd6-4933-45c7-a901-79d8dd1e6279 | method=GET | path=/notifications | status_code=200 | elapsed_ms=5.88
2026-05-26 10:26:11,805 | INFO | notification-service.http | request | request_id=98369c56-ed97-4659-9862-18a8e3748f6d | method=GET | path=/notifications | status_code=200 | elapsed_ms=5.71
2026-05-26 10:26:32,587 | INFO | notification-service.http | request | request_id=eb99000c-7201-4292-bf46-07b9d8b79424 | method=GET | path=/notifications | status_code=200 | elapsed_ms=5.35
2026-05-26 10:26:33,149 | INFO | notification-service.http | request | request_id=fad3aa8e-a472-491c-a1fb-b932604e2330 | method=GET | path=/notifications | status_code=200 | elapsed_ms=6.04
2026-05-26 10:27:09,290 | INFO | notification-service.http | request | request_id=e9ce7557-a6f5-4576-85b8-1242f0dd1834 | method=GET | path=/notifications | status_code=200 | elapsed_ms=5.27
2026-05-26 10:27:09,731 | INFO | notification-service.http | request | request_id=c14cf5d6-5aaa-4f2b-80c1-9a685e412798 | method=GET | path=/notifications | status_code=200 | elapsed_ms=4.42
2026-05-26 10:27:52,761 | INFO | notification-service.http | request | request_id=eb9a937b-e93d-41b2-a1cd-cab904d3a583 | method=GET | path=/notifications | status_code=200 | elapsed_ms=5.55
2026-05-26 10:31:21,976 | INFO | notification-service.http | request | request_id=617c0df5-3d02-479c-bddf-942f3dbf7156 | method=GET | path=/notifications | status_code=200 | elapsed_ms=5.38
2026-05-26 10:31:22,580 | INFO | notification-service.http | request | request_id=ebf7b293-d4f6-4d2b-97c9-ef0aef9f957c | method=GET | path=/notifications | status_code=200 | elapsed_ms=4.86
2026-05-26 10:46:30,301 | INFO | notification-service.http | request | request_id=e9cccbe3-8851-4afa-95e4-4ae64aaf4bb6 | method=GET | path=/notifications | status_code=200 | elapsed_ms=16.62
2026-05-26 10:46:30,739 | INFO | notification-service.http | request | request_id=48e29f41-12e1-4c28-83b5-54e4e2ebafcc | method=GET | path=/notifications | status_code=200 | elapsed_ms=4.93
2026-05-26 10:48:55,254 | INFO | notification-service.http | request | request_id=4a316c59-5806-476a-b332-9cccd7fa9836 | method=GET | path=/notifications | status_code=200 | elapsed_ms=5.54
2026-05-26 10:49:00,979 | INFO | notification-service.http | request | request_id=1d0c4190-5766-451f-a9c4-16a1ce9b9293 | method=GET | path=/notifications | status_code=200 | elapsed_ms=4.94
2026-05-26 10:49:19,253 | INFO | notification-service.http | request | request_id=4c885179-30ca-4524-811e-28ee4feaecba | method=GET | path=/notifications | status_code=200 | elapsed_ms=4.85
2026-05-26 10:49:48,079 | INFO | notification-service.http | request | request_id=bafc84e9-f222-41db-9962-aaebfb3eb4bb | method=GET | path=/notifications | status_code=200 | elapsed_ms=5.23
2026-05-26 10:50:25,375 | INFO | notification-service.http | request | request_id=9e9aac05-3b30-483a-a180-e60f9ed2adf5 | method=GET | path=/notifications | status_code=200 | elapsed_ms=4.52
2026-05-26 10:51:48,481 | INFO | notification-service.http | request | request_id=1252d8d1-ca7a-454d-8839-8dc47d020692 | method=GET | path=/notifications | status_code=200 | elapsed_ms=4.96
2026-05-26 10:51:49,120 | INFO | notification-service.http | request | request_id=4f9200a2-1aa6-4012-9d5e-082eaae64ee6 | method=GET | path=/notifications | status_code=200 | elapsed_ms=4.19
2026-05-26 10:53:15,151 | INFO | notification-service.http | request | request_id=64b3f210-bf37-41cf-8ba6-0e97db734feb | method=GET | path=/notifications | status_code=200 | elapsed_ms=7.30
2026-05-26 10:53:24,925 | INFO | notification-service.http | request | request_id=8304bacb-6d63-40e7-93fb-553f209d41c7 | method=GET | path=/notifications | status_code=200 | elapsed_ms=4.72
2026-05-26 10:54:19,954 | INFO | app.messaging | processed order.created event for order_id=9 request_id=64d4d543-bb69-4b56-91ae-3963ba36d728
2026-05-26 10:54:21,412 | INFO | notification-service.http | request | request_id=f52b13c6-c3d6-4414-9fbd-fd34b311add2 | method=GET | path=/notifications | status_code=200 | elapsed_ms=4.65
2026-05-26 10:54:22,162 | INFO | notification-service.http | request | request_id=bdf459e3-2de7-4cbd-b5fc-b38bca1683fd | method=GET | path=/notifications | status_code=200 | elapsed_ms=5.15
2026-05-26 10:54:22,662 | INFO | app.messaging | processed order.created event for order_id=10 request_id=66a3aa76-2c08-406b-8258-62482c485958
2026-05-26 10:54:29,356 | INFO | notification-service.http | request | request_id=413f0c10-c570-42d8-955c-2751974763bb | method=GET | path=/notifications | status_code=200 | elapsed_ms=5.61
2026-05-26 10:54:29,967 | INFO | notification-service.http | request | request_id=d7c561ff-fa14-45f6-9a90-98a7d02f8b41 | method=GET | path=/notifications | status_code=200 | elapsed_ms=4.89
2026-05-26 10:57:03,273 | INFO | notification-service.http | request | request_id=7689298f-894c-435e-b178-8b491c09c7ae | method=GET | path=/notifications | status_code=200 | elapsed_ms=6.02
2026-05-26 10:57:23,985 | INFO | notification-service.http | request | request_id=ca9a0ee7-e9cb-415f-b829-6d00efe71c06 | method=GET | path=/notifications | status_code=200 | elapsed_ms=4.91
2026-05-26 10:57:24,753 | INFO | notification-service.http | request | request_id=6dc0405a-15aa-4e1c-b749-fd512ba421f7 | method=GET | path=/notifications | status_code=200 | elapsed_ms=4.82
2026-05-26 10:59:05,969 | INFO | notification-service.http | request | request_id=10bea21a-d68a-456a-a4a6-4334a1aa7f60 | method=GET | path=/notifications | status_code=200 | elapsed_ms=5.01
2026-05-26 10:59:22,538 | INFO | notification-service.http | request | request_id=90f08074-b2b0-4276-9624-f2e4b514f190 | method=GET | path=/notifications | status_code=200 | elapsed_ms=4.40
2026-05-26 11:04:17,042 | INFO | notification-service.http | request | request_id=e90e7385-d735-44ab-937a-2c8404c907ee | method=GET | path=/notifications | status_code=200 | elapsed_ms=4.74
2026-05-26 11:04:17,611 | INFO | notification-service.http | request | request_id=3803fc6b-4f58-4dc9-9981-e15ba71f7560 | method=GET | path=/notifications | status_code=200 | elapsed_ms=4.43
2026-05-26 11:04:36,614 | INFO | notification-service.http | request | request_id=aa5f7c03-7d87-4e04-a7a4-33cb32a667e4 | method=GET | path=/notifications | status_code=200 | elapsed_ms=4.03
2026-05-26 11:04:37,295 | INFO | notification-service.http | request | request_id=7070fe0a-579a-4cc1-a6f2-cf3640d1bd5d | method=GET | path=/notifications | status_code=200 | elapsed_ms=4.34
2026-05-26 11:05:40,294 | INFO | notification-service.http | request | request_id=d5abc397-b9b7-4d55-8977-8de0c0ed4346 | method=GET | path=/notifications | status_code=200 | elapsed_ms=4.64
2026-05-26 11:19:15,424 | INFO | notification-service.http | request | request_id=9b58a418-6219-4c77-bd0a-663a4b95fd86 | method=GET | path=/notifications | status_code=200 | elapsed_ms=13.18
2026-05-26 11:19:16,037 | INFO | notification-service.http | request | request_id=a036c92e-e7f5-4650-8344-08f235e1e78c | method=GET | path=/notifications | status_code=200 | elapsed_ms=5.00
2026-05-26 11:23:29,217 | INFO | notification-service | starting notification consumer thread
2026-05-26 11:23:29,217 | INFO | pika.adapters.utils.connection_workflow | Pika version 1.3.2 connecting to ('::1', 5672, 0, 0)
2026-05-26 11:23:29,217 | INFO | pika.adapters.utils.io_services_utils | Socket connected: <socket.socket fd=1328, family=23, type=1, proto=6, laddr=('::1', 51725, 0, 0), raddr=('::1', 5672, 0, 0)>
2026-05-26 11:23:29,223 | INFO | pika.adapters.utils.connection_workflow | Streaming transport linked up: (<pika.adapters.utils.io_services_utils._AsyncPlaintextTransport object at 0x000002063E816AB0>, _StreamingProtocolShim: <SelectConnection PROTOCOL transport=<pika.adapters.utils.io_services_utils._AsyncPlaintextTransport object at 0x000002063E816AB0> params=<URLParameters host=localhost port=5672 virtual_host=/ ssl=False>>).
2026-05-26 11:23:29,278 | INFO | pika.adapters.utils.connection_workflow | AMQPConnector - reporting success: <SelectConnection OPEN transport=<pika.adapters.utils.io_services_utils._AsyncPlaintextTransport object at 0x000002063E816AB0> params=<URLParameters host=localhost port=5672 virtual_host=/ ssl=False>>
2026-05-26 11:23:29,278 | INFO | pika.adapters.utils.connection_workflow | AMQPConnectionWorkflow - reporting success: <SelectConnection OPEN transport=<pika.adapters.utils.io_services_utils._AsyncPlaintextTransport object at 0x000002063E816AB0> params=<URLParameters host=localhost port=5672 virtual_host=/ ssl=False>>
2026-05-26 11:23:29,278 | INFO | pika.adapters.blocking_connection | Connection workflow succeeded: <SelectConnection OPEN transport=<pika.adapters.utils.io_services_utils._AsyncPlaintextTransport object at 0x000002063E816AB0> params=<URLParameters host=localhost port=5672 virtual_host=/ ssl=False>>
2026-05-26 11:23:29,282 | INFO | pika.adapters.blocking_connection | Created channel=1
2026-05-26 11:23:29,304 | INFO | app.messaging | notification-service consumer started and waiting for messages
2026-05-26 11:24:23,456 | INFO | app.messaging | processed order.status_updated event for order_id=10 request_id=None
2026-05-26 11:25:25,357 | INFO | notification-service.http | request | request_id=f7266568-a721-4065-aecb-2809b698cdfa | method=GET | path=/notifications | status_code=200 | elapsed_ms=7.40
2026-05-26 11:25:26,134 | INFO | notification-service.http | request | request_id=a2a1d013-7284-4230-ac71-7cb68f9e7d69 | method=GET | path=/notifications | status_code=200 | elapsed_ms=5.63
2026-05-26 11:34:00,729 | INFO | app.messaging | processed order.status_updated event for order_id=10 request_id=d0da2f78-2d1b-4c62-8c14-25fb196209f2
2026-05-26 11:34:24,970 | INFO | notification-service.http | request | request_id=526f22f6-7edc-4d9d-9646-32fcdc46a2b7 | method=GET | path=/notifications | status_code=200 | elapsed_ms=5.43
2026-05-26 11:34:25,410 | INFO | notification-service.http | request | request_id=82a095ff-5204-41a8-b823-133968b9fb79 | method=GET | path=/notifications | status_code=200 | elapsed_ms=6.56
2026-05-26 11:34:31,555 | INFO | notification-service.http | request | request_id=d1baaf23-b726-4c10-ad03-427dd7b73b97 | method=GET | path=/notifications | status_code=200 | elapsed_ms=4.70
2026-05-26 11:34:32,268 | INFO | notification-service.http | request | request_id=be6b7b5a-5ff5-406e-9fae-66cdfea43218 | method=GET | path=/notifications | status_code=200 | elapsed_ms=5.71
2026-05-26 11:41:29,811 | INFO | notification-service.http | request | request_id=ba80cb28-500a-4c21-bb32-4f362fc579fe | method=GET | path=/notifications | status_code=200 | elapsed_ms=5.84
2026-05-26 11:41:30,375 | INFO | notification-service.http | request | request_id=02c24c4b-a063-49ae-8713-4044ca7d2289 | method=GET | path=/notifications | status_code=200 | elapsed_ms=6.30
2026-05-26 11:41:31,115 | INFO | notification-service.http | request | request_id=9b73e86e-7070-42c6-bc2d-58da279ffbdc | method=GET | path=/notifications | status_code=200 | elapsed_ms=7.36
2026-05-26 11:41:31,944 | INFO | notification-service.http | request | request_id=05837069-b592-4cdd-a6b1-39d7747f39f8 | method=GET | path=/notifications | status_code=200 | elapsed_ms=5.61
2026-05-26 11:41:32,376 | INFO | notification-service.http | request | request_id=45468ccd-6322-4b31-98fb-2dd3211ae76f | method=GET | path=/notifications | status_code=200 | elapsed_ms=5.32
2026-05-26 11:41:58,597 | INFO | notification-service.http | request | request_id=8d50ff5f-457c-45e4-8899-05bcb81f7d4e | method=GET | path=/notifications | status_code=200 | elapsed_ms=4.93
2026-05-26 11:41:59,291 | INFO | notification-service.http | request | request_id=4349be0b-7c9d-4011-a247-b8bda685cffb | method=GET | path=/notifications | status_code=200 | elapsed_ms=4.89
2026-05-26 11:42:00,024 | INFO | notification-service.http | request | request_id=d384d135-bfba-4b82-8ad8-8e89bdf7fd09 | method=GET | path=/notifications | status_code=200 | elapsed_ms=6.08
2026-05-26 11:42:00,451 | INFO | notification-service.http | request | request_id=bd38c3ab-0781-4df1-9236-89ac85728310 | method=GET | path=/notifications | status_code=200 | elapsed_ms=5.40
2026-05-26 11:43:27,350 | INFO | app.messaging | processed order.status_updated event for order_id=9 request_id=117639b4-f270-4fb3-82a2-a2f291b658bd
2026-05-26 11:43:28,614 | INFO | notification-service.http | request | request_id=4bb52ca0-9e5e-4d1f-903c-da46854bd806 | method=GET | path=/notifications | status_code=200 | elapsed_ms=8.26
2026-05-26 11:43:29,238 | INFO | notification-service.http | request | request_id=4631537e-6ada-4020-86b1-2fb1f7f403e6 | method=GET | path=/notifications | status_code=200 | elapsed_ms=5.68
2026-05-26 11:43:31,284 | INFO | notification-service.http | request | request_id=34c6a219-bcfc-47a1-9337-1ae990176fd6 | method=GET | path=/notifications | status_code=200 | elapsed_ms=5.37
2026-05-26 11:43:37,087 | INFO | notification-service.http | request | request_id=faf4fa4f-37e5-454c-9258-543c812edbd7 | method=GET | path=/notifications | status_code=200 | elapsed_ms=5.51
2026-05-26 11:43:37,499 | INFO | notification-service.http | request | request_id=bec72c46-63fb-49e6-8bfb-fc926e4714c0 | method=GET | path=/notifications | status_code=200 | elapsed_ms=4.86
2026-05-26 11:43:45,978 | INFO | notification-service.http | request | request_id=62014097-e5ab-4eef-9d13-c3df0460f861 | method=GET | path=/notifications | status_code=200 | elapsed_ms=5.28
2026-05-26 11:43:46,395 | INFO | notification-service.http | request | request_id=cefcdc1f-7941-4c5b-aae5-533fec18c61c | method=GET | path=/notifications | status_code=200 | elapsed_ms=5.08
2026-05-26 11:44:47,872 | INFO | app.messaging | processed order.status_updated event for order_id=3 request_id=769d34c1-c934-45ae-a430-204c91b93636
2026-05-26 11:44:48,916 | INFO | notification-service.http | request | request_id=954f7ae4-eb61-48c6-8481-1567bb54aa07 | method=GET | path=/notifications | status_code=200 | elapsed_ms=5.12
2026-05-26 11:44:49,529 | INFO | notification-service.http | request | request_id=5066f797-45c3-4730-888a-ded9f6f8cd80 | method=GET | path=/notifications | status_code=200 | elapsed_ms=6.36
2026-05-26 11:44:51,812 | INFO | notification-service.http | request | request_id=77b2dd43-9770-40ee-9b42-fa386ab85479 | method=GET | path=/notifications | status_code=200 | elapsed_ms=5.40
2026-05-26 11:45:35,666 | INFO | notification-service.http | request | request_id=2a3e23c3-b0a6-4115-b977-84adb56eda1e | method=GET | path=/notifications | status_code=200 | elapsed_ms=6.18
2026-05-26 11:45:36,472 | INFO | notification-service.http | request | request_id=3dc8d97b-db10-4d92-85dc-94c34dd00c1d | method=GET | path=/notifications | status_code=200 | elapsed_ms=12.23
2026-05-26 11:45:37,285 | INFO | notification-service.http | request | request_id=310f3fd0-0a78-4904-9251-b7f061d53370 | method=GET | path=/notifications | status_code=200 | elapsed_ms=5.45
2026-05-26 11:45:37,721 | INFO | notification-service.http | request | request_id=b575a398-1b9d-46d0-a76c-8337fd6b0fe1 | method=GET | path=/notifications | status_code=200 | elapsed_ms=5.48
2026-05-26 11:50:30,117 | INFO | notification-service.http | request | request_id=60f261f5-b249-4456-a2d1-479d1b91de74 | method=GET | path=/notifications | status_code=200 | elapsed_ms=5.43
2026-05-26 11:51:12,743 | INFO | notification-service.http | request | request_id=184e63b4-f379-4c81-8d75-2c72dfdb6e90 | method=GET | path=/notifications | status_code=200 | elapsed_ms=5.60
2026-05-26 11:51:13,148 | INFO | notification-service.http | request | request_id=41885132-7b68-4da3-b558-7367bf24420a | method=GET | path=/notifications | status_code=200 | elapsed_ms=5.18
2026-05-26 13:21:16,553 | INFO | notification-service | health check requested
2026-05-26 13:21:16,559 | INFO | notification-service.http | request | request_id=- | method=GET | path=/health | status_code=200 | elapsed_ms=9.14
2026-05-26 21:19:40,041 | INFO | notification-service | starting notification consumer thread
2026-05-26 21:19:40,044 | INFO | pika.adapters.utils.connection_workflow | Pika version 1.3.2 connecting to ('::1', 5672, 0, 0)
2026-05-26 21:19:40,044 | INFO | pika.adapters.utils.io_services_utils | Socket connected: <socket.socket fd=1176, family=23, type=1, proto=6, laddr=('::1', 49154, 0, 0), raddr=('::1', 5672, 0, 0)>
2026-05-26 21:19:40,045 | INFO | pika.adapters.utils.connection_workflow | Streaming transport linked up: (<pika.adapters.utils.io_services_utils._AsyncPlaintextTransport object at 0x0000024DBF859220>, _StreamingProtocolShim: <SelectConnection PROTOCOL transport=<pika.adapters.utils.io_services_utils._AsyncPlaintextTransport object at 0x0000024DBF859220> params=<URLParameters host=localhost port=5672 virtual_host=/ ssl=False>>).
2026-05-26 21:19:40,095 | INFO | pika.adapters.utils.connection_workflow | AMQPConnector - reporting success: <SelectConnection OPEN transport=<pika.adapters.utils.io_services_utils._AsyncPlaintextTransport object at 0x0000024DBF859220> params=<URLParameters host=localhost port=5672 virtual_host=/ ssl=False>>
2026-05-26 21:19:40,096 | INFO | pika.adapters.utils.connection_workflow | AMQPConnectionWorkflow - reporting success: <SelectConnection OPEN transport=<pika.adapters.utils.io_services_utils._AsyncPlaintextTransport object at 0x0000024DBF859220> params=<URLParameters host=localhost port=5672 virtual_host=/ ssl=False>>
2026-05-26 21:19:40,096 | INFO | pika.adapters.blocking_connection | Connection workflow succeeded: <SelectConnection OPEN transport=<pika.adapters.utils.io_services_utils._AsyncPlaintextTransport object at 0x0000024DBF859220> params=<URLParameters host=localhost port=5672 virtual_host=/ ssl=False>>
2026-05-26 21:19:40,096 | INFO | pika.adapters.blocking_connection | Created channel=1
2026-05-26 21:19:40,102 | INFO | app.messaging | notification-service consumer started and waiting for messages
2026-05-26 21:19:59,167 | INFO | notification-service.http | request | request_id=- | method=GET | path=/ | status_code=404 | elapsed_ms=1.08
2026-05-26 21:19:59,406 | INFO | notification-service.http | request | request_id=- | method=GET | path=/favicon.ico | status_code=404 | elapsed_ms=0.36
2026-05-26 21:20:03,124 | INFO | notification-service.http | request | request_id=- | method=GET | path=/docs | status_code=200 | elapsed_ms=0.39
2026-05-26 21:20:03,264 | INFO | notification-service.http | request | request_id=- | method=GET | path=/openapi.json | status_code=200 | elapsed_ms=6.50
2026-05-26 21:24:15,388 | INFO | notification-service | health check requested
2026-05-26 21:24:15,389 | INFO | notification-service.http | request | request_id=- | method=GET | path=/health | status_code=200 | elapsed_ms=1.86
2026-05-26 21:24:47,390 | INFO | notification-service | health check requested
2026-05-26 21:24:47,391 | INFO | notification-service.http | request | request_id=- | method=GET | path=/health | status_code=200 | elapsed_ms=1.25
2026-05-26 21:24:57,042 | INFO | notification-service | health check requested
2026-05-26 21:24:57,042 | INFO | notification-service.http | request | request_id=- | method=GET | path=/health | status_code=200 | elapsed_ms=0.81
2026-05-26 21:25:13,149 | INFO | notification-service | health check requested
2026-05-26 21:25:13,149 | INFO | notification-service.http | request | request_id=- | method=GET | path=/health | status_code=200 | elapsed_ms=0.87
2026-05-26 21:30:15,749 | INFO | app.messaging | processed order.created event for order_id=11 request_id=e6e991c9-8b81-4a57-a110-d3f94e2d46c0
2026-05-26 21:31:02,216 | INFO | notification-service.http | request | request_id=dd657c41-c25c-4b35-92d4-6b508b10ccdd | method=GET | path=/notifications | status_code=200 | elapsed_ms=8.04
2026-05-26 21:32:14,625 | INFO | notification-service.http | request | request_id=6e2c8fda-29f6-4a34-8293-b8e0bb65f8aa | method=GET | path=/notifications | status_code=200 | elapsed_ms=6.54
2026-05-26 21:32:15,259 | INFO | notification-service.http | request | request_id=568034f3-0797-41ad-9966-ea5c0d16a7eb | method=GET | path=/notifications | status_code=200 | elapsed_ms=5.10
2026-05-26 21:32:27,121 | INFO | notification-service.http | request | request_id=a9a9ccf0-586c-4bde-96a1-1be4731b8b74 | method=GET | path=/notifications | status_code=200 | elapsed_ms=5.28
2026-05-26 21:32:47,019 | INFO | notification-service.http | request | request_id=7c17619a-00af-44a4-90cc-28585c71bd03 | method=GET | path=/notifications | status_code=200 | elapsed_ms=4.21
2026-05-26 21:32:47,741 | INFO | notification-service.http | request | request_id=adc40ff1-edd5-45eb-977e-e15751bc0f48 | method=GET | path=/notifications | status_code=200 | elapsed_ms=4.07
2026-05-26 21:33:24,533 | INFO | app.messaging | processed order.created event for order_id=12 request_id=c65dcf51-1984-41a3-8cd0-5a4a25ca3486
2026-05-26 21:33:25,931 | INFO | notification-service.http | request | request_id=70fedd2b-2d46-41eb-9b4f-64541f8a8ad9 | method=GET | path=/notifications | status_code=200 | elapsed_ms=4.99
2026-05-26 21:33:26,551 | INFO | notification-service.http | request | request_id=9383c85f-31cb-42dd-b85d-1623d9539c04 | method=GET | path=/notifications | status_code=200 | elapsed_ms=4.62
2026-05-26 21:33:36,701 | INFO | notification-service.http | request | request_id=2c374205-3fc4-4290-b72d-b2e75c83f37a | method=GET | path=/notifications | status_code=200 | elapsed_ms=4.85
2026-05-26 21:33:37,136 | INFO | notification-service.http | request | request_id=c8ed8e3e-e41d-48de-9b2f-b49bc8c5d6bd | method=GET | path=/notifications | status_code=200 | elapsed_ms=4.51
2026-05-26 21:35:04,122 | INFO | notification-service.http | request | request_id=3914b3b8-f3e4-463f-9125-4ce1eebc268d | method=GET | path=/notifications | status_code=200 | elapsed_ms=4.94
2026-05-26 21:35:04,911 | INFO | notification-service.http | request | request_id=c9e4c926-5f12-447b-8af0-6bf23a4a80a9 | method=GET | path=/notifications | status_code=200 | elapsed_ms=4.50
2026-05-26 21:35:17,318 | INFO | app.messaging | processed order.status_updated event for order_id=12 request_id=5ebd8013-e18a-4ace-870b-da757f61b8a8
2026-05-26 21:35:18,342 | INFO | notification-service.http | request | request_id=bc00a9c1-8176-4ad1-8e87-c06b43a4d2fc | method=GET | path=/notifications | status_code=200 | elapsed_ms=4.55
2026-05-26 21:35:18,944 | INFO | notification-service.http | request | request_id=3a7fa991-bf90-46dc-8d52-235719b3ddb5 | method=GET | path=/notifications | status_code=200 | elapsed_ms=4.34
2026-05-26 21:35:42,890 | INFO | notification-service.http | request | request_id=7a633737-5053-4492-bb5b-c0a6f2793cdf | method=GET | path=/notifications | status_code=200 | elapsed_ms=5.15
2026-05-26 21:35:43,335 | INFO | notification-service.http | request | request_id=11ff50fb-6901-4dcb-baaa-952c13d1b596 | method=GET | path=/notifications | status_code=200 | elapsed_ms=4.77
2026-05-26 21:36:05,000 | INFO | notification-service.http | request | request_id=5af34406-af12-4739-8dcd-05c40b893253 | method=GET | path=/notifications | status_code=200 | elapsed_ms=5.75
2026-05-26 21:36:05,548 | INFO | notification-service.http | request | request_id=9d3d2e26-7595-43e4-9708-27a949d19468 | method=GET | path=/notifications | status_code=200 | elapsed_ms=4.64
2026-05-26 21:36:14,787 | INFO | notification-service.http | request | request_id=3bdc85f5-3edb-4975-bd46-10f19055468b | method=GET | path=/notifications | status_code=200 | elapsed_ms=4.88
2026-05-26 21:36:15,233 | INFO | notification-service.http | request | request_id=7cffbacb-7f3a-45f6-bba4-c895b1f3136d | method=GET | path=/notifications | status_code=200 | elapsed_ms=4.79
2026-05-26 21:36:21,813 | INFO | notification-service.http | request | request_id=3225ffce-4dbd-4fed-acc9-6a09f47c3d0a | method=GET | path=/notifications | status_code=200 | elapsed_ms=5.41
2026-05-26 21:36:22,445 | INFO | notification-service.http | request | request_id=ff559808-45a3-4cb3-9686-89efe66b5731 | method=GET | path=/notifications | status_code=200 | elapsed_ms=6.19
2026-05-27 09:03:23,270 | INFO | notification-service | starting notification consumer thread
2026-05-27 09:03:23,270 | INFO | pika.adapters.utils.connection_workflow | Pika version 1.3.2 connecting to ('::1', 5672, 0, 0)
2026-05-27 09:03:23,283 | INFO | pika.adapters.utils.io_services_utils | Socket connected: <socket.socket fd=1584, family=23, type=1, proto=6, laddr=('::1', 61997, 0, 0), raddr=('::1', 5672, 0, 0)>
2026-05-27 09:03:23,283 | INFO | pika.adapters.utils.connection_workflow | Streaming transport linked up: (<pika.adapters.utils.io_services_utils._AsyncPlaintextTransport object at 0x000002099FD4ECC0>, _StreamingProtocolShim: <SelectConnection PROTOCOL transport=<pika.adapters.utils.io_services_utils._AsyncPlaintextTransport object at 0x000002099FD4ECC0> params=<URLParameters host=localhost port=5672 virtual_host=/ ssl=False>>).
2026-05-27 09:03:23,341 | INFO | pika.adapters.utils.connection_workflow | AMQPConnector - reporting success: <SelectConnection OPEN transport=<pika.adapters.utils.io_services_utils._AsyncPlaintextTransport object at 0x000002099FD4ECC0> params=<URLParameters host=localhost port=5672 virtual_host=/ ssl=False>>
2026-05-27 09:03:23,341 | INFO | pika.adapters.utils.connection_workflow | AMQPConnectionWorkflow - reporting success: <SelectConnection OPEN transport=<pika.adapters.utils.io_services_utils._AsyncPlaintextTransport object at 0x000002099FD4ECC0> params=<URLParameters host=localhost port=5672 virtual_host=/ ssl=False>>
2026-05-27 09:03:23,345 | INFO | pika.adapters.blocking_connection | Connection workflow succeeded: <SelectConnection OPEN transport=<pika.adapters.utils.io_services_utils._AsyncPlaintextTransport object at 0x000002099FD4ECC0> params=<URLParameters host=localhost port=5672 virtual_host=/ ssl=False>>
2026-05-27 09:03:23,345 | INFO | pika.adapters.blocking_connection | Created channel=1
2026-05-27 09:03:23,351 | INFO | app.messaging | notification-service consumer started and waiting for messages
