2026-05-26 08:15:19,862 | INFO | product-service.http | request | request_id=- | method=GET | path=/products/1 | status_code=200 | elapsed_ms=10.69
2026-05-26 08:42:13,838 | INFO | product-service | health check requested
2026-05-26 08:42:13,843 | INFO | product-service.http | request | request_id=- | method=GET | path=/health | status_code=200 | elapsed_ms=25.80
2026-05-26 09:10:32,323 | INFO | product-service | health check requested
2026-05-26 09:10:32,325 | INFO | product-service.http | request | request_id=- | method=GET | path=/health | status_code=200 | elapsed_ms=5.77
2026-05-26 09:11:22,799 | INFO | product-service.http | request | request_id=cc4c4ba5-7bf9-42a8-9ba7-30eeff73dc65 | method=GET | path=/products | status_code=200 | elapsed_ms=115.91
2026-05-26 09:11:23,225 | INFO | product-service.http | request | request_id=f2b2c36a-5951-480f-be74-4b6e6adb8ec0 | method=GET | path=/products | status_code=200 | elapsed_ms=4.78
2026-05-26 09:11:23,656 | INFO | product-service.http | request | request_id=949bcf13-8d9d-4629-8d45-e8af4ce9fc1d | method=GET | path=/products | status_code=200 | elapsed_ms=5.05
2026-05-26 09:29:26,807 | INFO | product-service.http | request | request_id=5fc34902-5d72-4ee3-8b7f-8db82991a101 | method=GET | path=/products | status_code=200 | elapsed_ms=17.67
2026-05-26 09:29:27,245 | INFO | product-service.http | request | request_id=3661ac4b-7ebb-402a-be10-7ec1c952af47 | method=GET | path=/products | status_code=200 | elapsed_ms=4.68
2026-05-26 09:29:35,388 | INFO | product-service.http | request | request_id=2a6dfbf8-bc12-434b-af0c-f8bc13a7b0c3 | method=GET | path=/products | status_code=200 | elapsed_ms=4.28
2026-05-26 09:29:35,833 | INFO | product-service.http | request | request_id=4deb28ff-8b65-45ee-b1b2-68a266f530e0 | method=GET | path=/products | status_code=200 | elapsed_ms=5.42
2026-05-26 09:29:37,649 | INFO | product-service.http | request | request_id=936ffa36-a598-499b-b1f1-03a37424f392 | method=GET | path=/products | status_code=200 | elapsed_ms=4.11
2026-05-26 09:29:38,083 | INFO | product-service.http | request | request_id=5849f4ef-2d51-459b-84b2-b79efc20ef34 | method=GET | path=/products | status_code=200 | elapsed_ms=4.99
2026-05-26 09:30:02,400 | INFO | product-service.http | request | request_id=f33f4a96-8213-4d48-9e50-a44600035694 | method=GET | path=/products | status_code=200 | elapsed_ms=4.09
2026-05-26 09:30:02,814 | INFO | product-service.http | request | request_id=55e26b84-5ccc-4fb7-adfb-7dff4aca1307 | method=GET | path=/products | status_code=200 | elapsed_ms=4.20
2026-05-26 09:30:05,889 | INFO | product-service.http | request | request_id=870bc871-0305-478b-90b8-e62f536d4542 | method=GET | path=/products/1 | status_code=200 | elapsed_ms=20.23
2026-05-26 09:30:06,317 | INFO | product-service.http | request | request_id=4c678ea8-6650-44a1-979f-51d818fa7b6e | method=GET | path=/products/1 | status_code=200 | elapsed_ms=4.59
2026-05-26 09:30:08,778 | INFO | product-service.http | request | request_id=8b70b843-13bb-4728-a283-9143412b0570 | method=GET | path=/products | status_code=200 | elapsed_ms=4.22
2026-05-26 09:30:09,209 | INFO | product-service.http | request | request_id=3e31e66b-1fa8-4e6d-b971-48eb6a157bed | method=GET | path=/products | status_code=200 | elapsed_ms=3.90
2026-05-26 09:30:10,423 | INFO | product-service.http | request | request_id=ec9654e2-026d-4114-9e29-4536d4d8b84b | method=GET | path=/products/2 | status_code=200 | elapsed_ms=5.69
2026-05-26 09:30:10,891 | INFO | product-service.http | request | request_id=b2bc6c1d-2f1a-46eb-9a12-f1a50599b0e9 | method=GET | path=/products/2 | status_code=200 | elapsed_ms=4.87
2026-05-26 09:30:12,569 | INFO | product-service.http | request | request_id=f11b174a-7184-4c2c-a9c5-d5bcf9f28bcd | method=GET | path=/products | status_code=200 | elapsed_ms=4.54
2026-05-26 09:30:12,993 | INFO | product-service.http | request | request_id=d1585487-334c-478c-bec3-2141d141d8ab | method=GET | path=/products | status_code=200 | elapsed_ms=4.46
2026-05-26 09:30:14,236 | INFO | product-service.http | request | request_id=35474909-cd0c-4b52-b6c5-2265649b2975 | method=GET | path=/products/1 | status_code=200 | elapsed_ms=4.31
2026-05-26 09:30:14,662 | INFO | product-service.http | request | request_id=6849b317-3bc0-4482-ae1c-adbe941834b0 | method=GET | path=/products/1 | status_code=200 | elapsed_ms=4.88
2026-05-26 09:30:16,153 | INFO | product-service.http | request | request_id=ebd5344d-7aca-4f15-9245-1e3807a4bd48 | method=GET | path=/products | status_code=200 | elapsed_ms=5.05
2026-05-26 09:30:16,583 | INFO | product-service.http | request | request_id=fece4665-56f1-4bd8-aeac-68617a8d7e65 | method=GET | path=/products | status_code=200 | elapsed_ms=3.98
2026-05-26 09:30:17,111 | INFO | product-service.http | request | request_id=32b95a9a-cef8-46be-abf4-7e0e0205dc0b | method=GET | path=/products/1 | status_code=200 | elapsed_ms=4.21
2026-05-26 09:30:17,543 | INFO | product-service.http | request | request_id=8c3139af-47f2-4db4-b375-e2d44c1b2545 | method=GET | path=/products/1 | status_code=200 | elapsed_ms=4.57
2026-05-26 09:30:19,250 | INFO | product-service.http | request | request_id=8eaad1da-0ea1-4200-bb79-8d1234441952 | method=GET | path=/products | status_code=200 | elapsed_ms=4.33
2026-05-26 09:30:19,680 | INFO | product-service.http | request | request_id=b00a9fdb-70c5-4ea7-9851-91980e459abe | method=GET | path=/products | status_code=200 | elapsed_ms=4.38
2026-05-26 09:31:49,844 | INFO | product-service.http | request | request_id=bc041872-9e6f-4eaf-8ddd-c31961e39d91 | method=GET | path=/products | status_code=200 | elapsed_ms=4.71
2026-05-26 09:31:50,298 | INFO | product-service.http | request | request_id=1f32dd0d-b994-4248-976f-2690bddb977c | method=GET | path=/products | status_code=200 | elapsed_ms=4.21
2026-05-26 09:32:44,243 | INFO | product-service.http | request | request_id=75b3d46d-e48e-4b33-ab52-b5af7899e970 | method=GET | path=/products | status_code=200 | elapsed_ms=4.08
2026-05-26 09:32:44,659 | INFO | product-service.http | request | request_id=f7ef973f-23d9-4ab2-8d6c-4b30928cca56 | method=GET | path=/products | status_code=200 | elapsed_ms=4.14
2026-05-26 09:32:50,201 | INFO | product-service.http | request | request_id=ada86b9b-f879-48a9-9041-1647e47d1c78 | method=GET | path=/products | status_code=200 | elapsed_ms=4.26
2026-05-26 09:32:50,632 | INFO | product-service.http | request | request_id=ff0975be-3716-46bc-a8a2-45875ed0cb5d | method=GET | path=/products | status_code=200 | elapsed_ms=5.26
2026-05-26 09:32:56,213 | INFO | product-service.http | request | request_id=97960e12-ad34-4da3-92f6-016fb113c486 | method=GET | path=/products | status_code=200 | elapsed_ms=4.36
2026-05-26 09:32:56,625 | INFO | product-service.http | request | request_id=0348278c-8f2c-409d-add7-e24cc7d57f72 | method=GET | path=/products | status_code=200 | elapsed_ms=5.16
2026-05-26 09:32:58,415 | INFO | product-service.http | request | request_id=e6adedf3-9e93-4b0a-9955-6395e53be311 | method=GET | path=/products/1 | status_code=200 | elapsed_ms=4.20
2026-05-26 09:32:58,838 | INFO | product-service.http | request | request_id=11cf1002-4d1d-4b08-b3f6-aa49fa67ef96 | method=GET | path=/products/1 | status_code=200 | elapsed_ms=4.37
2026-05-26 09:33:01,737 | INFO | product-service.http | request | request_id=- | method=GET | path=/products/1 | status_code=200 | elapsed_ms=5.01
2026-05-26 09:33:03,269 | INFO | product-service.http | request | request_id=- | method=GET | path=/products/1 | status_code=200 | elapsed_ms=3.96
2026-05-26 09:36:11,959 | INFO | product-service.http | request | request_id=93d87370-b902-4174-a47e-4e39eb668b9a | method=GET | path=/products | status_code=200 | elapsed_ms=5.43
2026-05-26 09:36:12,515 | INFO | product-service.http | request | request_id=f9e6c13c-26c5-4274-9304-8db343671581 | method=GET | path=/products | status_code=200 | elapsed_ms=5.49
2026-05-26 09:37:08,152 | INFO | product-service.http | request | request_id=ce9bb021-5849-4b50-92de-4ce9e6abf117 | method=GET | path=/products | status_code=200 | elapsed_ms=4.15
2026-05-26 09:37:08,584 | INFO | product-service.http | request | request_id=2c7bb242-ef22-438a-9e19-259fbd13245c | method=GET | path=/products | status_code=200 | elapsed_ms=4.81
2026-05-26 09:37:09,089 | INFO | product-service.http | request | request_id=3abe03e5-8018-4966-bb55-3c9c5562bd42 | method=GET | path=/products/1 | status_code=200 | elapsed_ms=5.25
2026-05-26 09:37:09,569 | INFO | product-service.http | request | request_id=5b3b14da-6852-4957-bb3b-ce3c0fca752c | method=GET | path=/products/1 | status_code=200 | elapsed_ms=4.64
2026-05-26 09:37:12,285 | INFO | product-service.http | request | request_id=e61ef8e3-dfa5-4f56-a250-6198dc7b8622 | method=GET | path=/products | status_code=200 | elapsed_ms=5.93
2026-05-26 09:37:12,726 | INFO | product-service.http | request | request_id=3a11b232-3ca1-4b3c-99e0-a380ec97bbd6 | method=GET | path=/products | status_code=200 | elapsed_ms=4.87
2026-05-26 09:37:20,931 | INFO | product-service.http | request | request_id=7fdeda1e-6be1-419b-9e04-2af1bb5646b5 | method=GET | path=/products | status_code=200 | elapsed_ms=5.73
2026-05-26 09:37:21,384 | INFO | product-service.http | request | request_id=03b01278-73ce-41d6-9b33-befaa5df4221 | method=GET | path=/products | status_code=200 | elapsed_ms=4.86
2026-05-26 09:41:25,706 | INFO | product-service.http | request | request_id=4b535252-df5f-4a53-89c6-367c2cea1575 | method=GET | path=/products | status_code=200 | elapsed_ms=4.36
2026-05-26 09:41:26,127 | INFO | product-service.http | request | request_id=9548049e-10b2-4734-8872-4dc1b84b6abc | method=GET | path=/products | status_code=200 | elapsed_ms=4.64
