2026-05-26 08:14:18,586 | INFO | order-service.http | request | request_id=fa0c5ff3-d1d3-466a-81d5-037cc60b7b67 | method=GET | path=/orders/1 | status_code=200 | elapsed_ms=28.25
2026-05-26 08:15:19,897 | INFO | pika.adapters.utils.connection_workflow | Pika version 1.3.2 connecting to ('::1', 5672, 0, 0)
2026-05-26 08:15:19,897 | INFO | pika.adapters.utils.io_services_utils | Socket connected: <socket.socket fd=812, family=23, type=1, proto=6, laddr=('::1', 50501, 0, 0), raddr=('::1', 5672, 0, 0)>
2026-05-26 08:15:19,897 | INFO | pika.adapters.utils.connection_workflow | Streaming transport linked up: (<pika.adapters.utils.io_services_utils._AsyncPlaintextTransport object at 0x000001E3BD7B2480>, _StreamingProtocolShim: <SelectConnection PROTOCOL transport=<pika.adapters.utils.io_services_utils._AsyncPlaintextTransport object at 0x000001E3BD7B2480> params=<URLParameters host=localhost port=5672 virtual_host=/ ssl=False>>).
2026-05-26 08:15:19,956 | INFO | pika.adapters.utils.connection_workflow | AMQPConnector - reporting success: <SelectConnection OPEN transport=<pika.adapters.utils.io_services_utils._AsyncPlaintextTransport object at 0x000001E3BD7B2480> params=<URLParameters host=localhost port=5672 virtual_host=/ ssl=False>>
2026-05-26 08:15:19,956 | INFO | pika.adapters.utils.connection_workflow | AMQPConnectionWorkflow - reporting success: <SelectConnection OPEN transport=<pika.adapters.utils.io_services_utils._AsyncPlaintextTransport object at 0x000001E3BD7B2480> params=<URLParameters host=localhost port=5672 virtual_host=/ ssl=False>>
2026-05-26 08:15:19,959 | INFO | pika.adapters.blocking_connection | Connection workflow succeeded: <SelectConnection OPEN transport=<pika.adapters.utils.io_services_utils._AsyncPlaintextTransport object at 0x000001E3BD7B2480> params=<URLParameters host=localhost port=5672 virtual_host=/ ssl=False>>
2026-05-26 08:15:19,959 | INFO | pika.adapters.blocking_connection | Created channel=1
2026-05-26 08:15:19,961 | INFO | pika.adapters.blocking_connection | Closing connection (200): Normal shutdown
2026-05-26 08:15:19,962 | INFO | pika.channel | Closing channel (200): 'Normal shutdown' on <Channel number=1 OPEN conn=<SelectConnection OPEN transport=<pika.adapters.utils.io_services_utils._AsyncPlaintextTransport object at 0x000001E3BD7B2480> params=<URLParameters host=localhost port=5672 virtual_host=/ ssl=False>>>
2026-05-26 08:15:20,016 | INFO | pika.channel | Received <Channel.CloseOk> on <Channel number=1 CLOSING conn=<SelectConnection OPEN transport=<pika.adapters.utils.io_services_utils._AsyncPlaintextTransport object at 0x000001E3BD7B2480> params=<URLParameters host=localhost port=5672 virtual_host=/ ssl=False>>>
2026-05-26 08:15:20,016 | INFO | pika.connection | Closing connection (200): 'Normal shutdown'
2026-05-26 08:15:20,016 | INFO | pika.adapters.utils.io_services_utils | Aborting transport connection: state=1; <socket.socket fd=812, family=23, type=1, proto=6, laddr=('::1', 50501, 0, 0), raddr=('::1', 5672, 0, 0)>
2026-05-26 08:15:20,016 | INFO | pika.adapters.utils.io_services_utils | _AsyncTransportBase._initate_abort(): Initiating abrupt asynchronous transport shutdown: state=1; error=None; <socket.socket fd=812, family=23, type=1, proto=6, laddr=('::1', 50501, 0, 0), raddr=('::1', 5672, 0, 0)>
2026-05-26 08:15:20,016 | INFO | pika.adapters.utils.io_services_utils | Deactivating transport: state=1; <socket.socket fd=812, family=23, type=1, proto=6, laddr=('::1', 50501, 0, 0), raddr=('::1', 5672, 0, 0)>
2026-05-26 08:15:20,016 | INFO | pika.connection | AMQP stack terminated, failed to connect, or aborted: opened=True, error-arg=None; pending-error=ConnectionClosedByClient: (200) 'Normal shutdown'
2026-05-26 08:15:20,016 | INFO | pika.connection | Stack terminated due to ConnectionClosedByClient: (200) 'Normal shutdown'
2026-05-26 08:15:20,016 | INFO | pika.adapters.utils.io_services_utils | Closing transport socket and unlinking: state=3; <socket.socket fd=812, family=23, type=1, proto=6, laddr=('::1', 50501, 0, 0), raddr=('::1', 5672, 0, 0)>
2026-05-26 08:15:20,016 | INFO | pika.adapters.blocking_connection | User-initiated close: result=BlockingConnection__OnClosedArgs(connection=<SelectConnection CLOSED transport=None params=<URLParameters host=localhost port=5672 virtual_host=/ ssl=False>>, error=ConnectionClosedByClient: (200) 'Normal shutdown')
2026-05-26 08:15:20,022 | INFO | order-service.http | request | request_id=411f71e4-42ae-4601-b612-24cb73e3ea91 | method=POST | path=/orders | status_code=201 | elapsed_ms=2213.44
2026-05-26 08:42:13,838 | INFO | order-service | health check requested
2026-05-26 08:42:13,843 | INFO | order-service.http | request | request_id=- | method=GET | path=/health | status_code=200 | elapsed_ms=31.98
2026-05-26 09:10:32,322 | INFO | order-service | health check requested
2026-05-26 09:10:32,326 | INFO | order-service.http | request | request_id=- | method=GET | path=/health | status_code=200 | elapsed_ms=6.69
2026-05-26 09:29:35,209 | INFO | order-service.http | request | request_id=de170163-0050-4299-a5e6-0402822fd361 | method=GET | path=/orders | status_code=200 | elapsed_ms=122.02
2026-05-26 09:29:35,653 | INFO | order-service.http | request | request_id=af9f3f67-23c0-4729-b731-a122488eed99 | method=GET | path=/orders | status_code=200 | elapsed_ms=5.98
2026-05-26 09:29:37,916 | INFO | order-service.http | request | request_id=00b28336-4df9-4fc9-b412-0a42de9c1277 | method=GET | path=/orders | status_code=200 | elapsed_ms=6.04
2026-05-26 09:29:38,320 | INFO | order-service.http | request | request_id=afad0004-5a0e-484e-876f-66c180552347 | method=GET | path=/orders | status_code=200 | elapsed_ms=5.00
2026-05-26 09:29:47,709 | INFO | order-service.http | request | request_id=5e9304dc-f431-4a9e-88f1-1b66c636584f | method=GET | path=/orders | status_code=200 | elapsed_ms=4.55
2026-05-26 09:29:48,144 | INFO | order-service.http | request | request_id=616f7b85-95d5-4137-816b-44bdd144aa97 | method=GET | path=/orders | status_code=200 | elapsed_ms=4.77
2026-05-26 09:30:00,896 | INFO | order-service.http | request | request_id=e5452464-4951-4ea4-aa6f-6d10e44ce14d | method=GET | path=/orders | status_code=200 | elapsed_ms=5.18
2026-05-26 09:30:01,320 | INFO | order-service.http | request | request_id=4b322566-18a6-4832-8b34-6911d6189c3c | method=GET | path=/orders | status_code=200 | elapsed_ms=4.63
2026-05-26 09:32:43,993 | INFO | order-service.http | request | request_id=f5a030be-afca-4b90-ad63-65504f391e41 | method=GET | path=/orders | status_code=200 | elapsed_ms=5.70
2026-05-26 09:32:44,419 | INFO | order-service.http | request | request_id=0ea45003-8fab-4858-ae8e-de274ddb717d | method=GET | path=/orders | status_code=200 | elapsed_ms=5.27
2026-05-26 09:32:45,475 | INFO | order-service.http | request | request_id=56db5040-0d3d-4a28-b007-64088dbffa8a | method=GET | path=/orders | status_code=200 | elapsed_ms=5.39
2026-05-26 09:32:45,887 | INFO | order-service.http | request | request_id=a4099d40-c146-49fb-9131-101262eeb187 | method=GET | path=/orders | status_code=200 | elapsed_ms=5.45
2026-05-26 09:32:51,971 | INFO | order-service.http | request | request_id=497a7fb1-ec4d-4428-9bd7-7f3011a4cde7 | method=GET | path=/orders | status_code=200 | elapsed_ms=5.21
2026-05-26 09:32:52,405 | INFO | order-service.http | request | request_id=cf5471f5-162b-4a04-afea-d33b5c55b088 | method=GET | path=/orders | status_code=200 | elapsed_ms=6.12
2026-05-26 09:33:01,793 | INFO | pika.adapters.utils.connection_workflow | Pika version 1.3.2 connecting to ('::1', 5672, 0, 0)
2026-05-26 09:33:01,793 | INFO | pika.adapters.utils.io_services_utils | Socket connected: <socket.socket fd=1240, family=23, type=1, proto=6, laddr=('::1', 63192, 0, 0), raddr=('::1', 5672, 0, 0)>
2026-05-26 09:33:01,799 | INFO | pika.adapters.utils.connection_workflow | Streaming transport linked up: (<pika.adapters.utils.io_services_utils._AsyncPlaintextTransport object at 0x000001E3BD7B17F0>, _StreamingProtocolShim: <SelectConnection PROTOCOL transport=<pika.adapters.utils.io_services_utils._AsyncPlaintextTransport object at 0x000001E3BD7B17F0> params=<URLParameters host=localhost port=5672 virtual_host=/ ssl=False>>).
2026-05-26 09:33:01,880 | INFO | pika.adapters.utils.connection_workflow | AMQPConnector - reporting success: <SelectConnection OPEN transport=<pika.adapters.utils.io_services_utils._AsyncPlaintextTransport object at 0x000001E3BD7B17F0> params=<URLParameters host=localhost port=5672 virtual_host=/ ssl=False>>
2026-05-26 09:33:01,880 | INFO | pika.adapters.utils.connection_workflow | AMQPConnectionWorkflow - reporting success: <SelectConnection OPEN transport=<pika.adapters.utils.io_services_utils._AsyncPlaintextTransport object at 0x000001E3BD7B17F0> params=<URLParameters host=localhost port=5672 virtual_host=/ ssl=False>>
2026-05-26 09:33:01,881 | INFO | pika.adapters.blocking_connection | Connection workflow succeeded: <SelectConnection OPEN transport=<pika.adapters.utils.io_services_utils._AsyncPlaintextTransport object at 0x000001E3BD7B17F0> params=<URLParameters host=localhost port=5672 virtual_host=/ ssl=False>>
2026-05-26 09:33:01,881 | INFO | pika.adapters.blocking_connection | Created channel=1
2026-05-26 09:33:01,891 | INFO | pika.adapters.blocking_connection | Closing connection (200): Normal shutdown
2026-05-26 09:33:01,891 | INFO | pika.channel | Closing channel (200): 'Normal shutdown' on <Channel number=1 OPEN conn=<SelectConnection OPEN transport=<pika.adapters.utils.io_services_utils._AsyncPlaintextTransport object at 0x000001E3BD7B17F0> params=<URLParameters host=localhost port=5672 virtual_host=/ ssl=False>>>
2026-05-26 09:33:01,944 | INFO | pika.channel | Received <Channel.CloseOk> on <Channel number=1 CLOSING conn=<SelectConnection OPEN transport=<pika.adapters.utils.io_services_utils._AsyncPlaintextTransport object at 0x000001E3BD7B17F0> params=<URLParameters host=localhost port=5672 virtual_host=/ ssl=False>>>
2026-05-26 09:33:01,944 | INFO | pika.connection | Closing connection (200): 'Normal shutdown'
2026-05-26 09:33:01,944 | INFO | pika.adapters.utils.io_services_utils | Aborting transport connection: state=1; <socket.socket fd=1240, family=23, type=1, proto=6, laddr=('::1', 63192, 0, 0), raddr=('::1', 5672, 0, 0)>
2026-05-26 09:33:01,944 | INFO | pika.adapters.utils.io_services_utils | _AsyncTransportBase._initate_abort(): Initiating abrupt asynchronous transport shutdown: state=1; error=None; <socket.socket fd=1240, family=23, type=1, proto=6, laddr=('::1', 63192, 0, 0), raddr=('::1', 5672, 0, 0)>
2026-05-26 09:33:01,944 | INFO | pika.adapters.utils.io_services_utils | Deactivating transport: state=1; <socket.socket fd=1240, family=23, type=1, proto=6, laddr=('::1', 63192, 0, 0), raddr=('::1', 5672, 0, 0)>
2026-05-26 09:33:01,944 | INFO | pika.connection | AMQP stack terminated, failed to connect, or aborted: opened=True, error-arg=None; pending-error=ConnectionClosedByClient: (200) 'Normal shutdown'
2026-05-26 09:33:01,959 | INFO | pika.connection | Stack terminated due to ConnectionClosedByClient: (200) 'Normal shutdown'
2026-05-26 09:33:01,959 | INFO | pika.adapters.utils.io_services_utils | Closing transport socket and unlinking: state=3; <socket.socket fd=1240, family=23, type=1, proto=6, laddr=('::1', 63192, 0, 0), raddr=('::1', 5672, 0, 0)>
2026-05-26 09:33:01,959 | INFO | pika.adapters.blocking_connection | User-initiated close: result=BlockingConnection__OnClosedArgs(connection=<SelectConnection CLOSED transport=None params=<URLParameters host=localhost port=5672 virtual_host=/ ssl=False>>, error=ConnectionClosedByClient: (200) 'Normal shutdown')
2026-05-26 09:33:01,962 | INFO | order-service.http | request | request_id=a295305d-4377-4520-bf34-7b0a9fc9b23a | method=POST | path=/orders | status_code=201 | elapsed_ms=2298.31
2026-05-26 09:33:02,393 | INFO | order-service.http | request | request_id=0f4db931-e5aa-4e66-9bf2-d90f11085674 | method=GET | path=/orders | status_code=200 | elapsed_ms=4.84
2026-05-26 09:33:02,814 | INFO | order-service.http | request | request_id=c79d5e31-2332-4804-ad2e-3499eab63df8 | method=GET | path=/orders | status_code=200 | elapsed_ms=4.54
2026-05-26 09:33:03,284 | INFO | pika.adapters.utils.connection_workflow | Pika version 1.3.2 connecting to ('::1', 5672, 0, 0)
2026-05-26 09:33:03,284 | INFO | pika.adapters.utils.io_services_utils | Socket connected: <socket.socket fd=1260, family=23, type=1, proto=6, laddr=('::1', 50370, 0, 0), raddr=('::1', 5672, 0, 0)>
2026-05-26 09:33:03,284 | INFO | pika.adapters.utils.connection_workflow | Streaming transport linked up: (<pika.adapters.utils.io_services_utils._AsyncPlaintextTransport object at 0x000001E3BD7EAAE0>, _StreamingProtocolShim: <SelectConnection PROTOCOL transport=<pika.adapters.utils.io_services_utils._AsyncPlaintextTransport object at 0x000001E3BD7EAAE0> params=<URLParameters host=localhost port=5672 virtual_host=/ ssl=False>>).
2026-05-26 09:33:03,345 | INFO | pika.adapters.utils.connection_workflow | AMQPConnector - reporting success: <SelectConnection OPEN transport=<pika.adapters.utils.io_services_utils._AsyncPlaintextTransport object at 0x000001E3BD7EAAE0> params=<URLParameters host=localhost port=5672 virtual_host=/ ssl=False>>
2026-05-26 09:33:03,345 | INFO | pika.adapters.utils.connection_workflow | AMQPConnectionWorkflow - reporting success: <SelectConnection OPEN transport=<pika.adapters.utils.io_services_utils._AsyncPlaintextTransport object at 0x000001E3BD7EAAE0> params=<URLParameters host=localhost port=5672 virtual_host=/ ssl=False>>
2026-05-26 09:33:03,345 | INFO | pika.adapters.blocking_connection | Connection workflow succeeded: <SelectConnection OPEN transport=<pika.adapters.utils.io_services_utils._AsyncPlaintextTransport object at 0x000001E3BD7EAAE0> params=<URLParameters host=localhost port=5672 virtual_host=/ ssl=False>>
2026-05-26 09:33:03,346 | INFO | pika.adapters.blocking_connection | Created channel=1
2026-05-26 09:33:03,348 | INFO | pika.adapters.blocking_connection | Closing connection (200): Normal shutdown
2026-05-26 09:33:03,349 | INFO | pika.channel | Closing channel (200): 'Normal shutdown' on <Channel number=1 OPEN conn=<SelectConnection OPEN transport=<pika.adapters.utils.io_services_utils._AsyncPlaintextTransport object at 0x000001E3BD7EAAE0> params=<URLParameters host=localhost port=5672 virtual_host=/ ssl=False>>>
2026-05-26 09:33:03,401 | INFO | pika.channel | Received <Channel.CloseOk> on <Channel number=1 CLOSING conn=<SelectConnection OPEN transport=<pika.adapters.utils.io_services_utils._AsyncPlaintextTransport object at 0x000001E3BD7EAAE0> params=<URLParameters host=localhost port=5672 virtual_host=/ ssl=False>>>
2026-05-26 09:33:03,401 | INFO | pika.connection | Closing connection (200): 'Normal shutdown'
2026-05-26 09:33:03,402 | INFO | pika.adapters.utils.io_services_utils | Aborting transport connection: state=1; <socket.socket fd=1260, family=23, type=1, proto=6, laddr=('::1', 50370, 0, 0), raddr=('::1', 5672, 0, 0)>
2026-05-26 09:33:03,402 | INFO | pika.adapters.utils.io_services_utils | _AsyncTransportBase._initate_abort(): Initiating abrupt asynchronous transport shutdown: state=1; error=None; <socket.socket fd=1260, family=23, type=1, proto=6, laddr=('::1', 50370, 0, 0), raddr=('::1', 5672, 0, 0)>
2026-05-26 09:33:03,402 | INFO | pika.adapters.utils.io_services_utils | Deactivating transport: state=1; <socket.socket fd=1260, family=23, type=1, proto=6, laddr=('::1', 50370, 0, 0), raddr=('::1', 5672, 0, 0)>
2026-05-26 09:33:03,402 | INFO | pika.connection | AMQP stack terminated, failed to connect, or aborted: opened=True, error-arg=None; pending-error=ConnectionClosedByClient: (200) 'Normal shutdown'
2026-05-26 09:33:03,402 | INFO | pika.connection | Stack terminated due to ConnectionClosedByClient: (200) 'Normal shutdown'
2026-05-26 09:33:03,402 | INFO | pika.adapters.utils.io_services_utils | Closing transport socket and unlinking: state=3; <socket.socket fd=1260, family=23, type=1, proto=6, laddr=('::1', 50370, 0, 0), raddr=('::1', 5672, 0, 0)>
2026-05-26 09:33:03,403 | INFO | pika.adapters.blocking_connection | User-initiated close: result=BlockingConnection__OnClosedArgs(connection=<SelectConnection CLOSED transport=None params=<URLParameters host=localhost port=5672 virtual_host=/ ssl=False>>, error=ConnectionClosedByClient: (200) 'Normal shutdown')
2026-05-26 09:33:03,405 | INFO | order-service.http | request | request_id=4dbedb14-0658-4c83-aaed-9e45daeb6e08 | method=POST | path=/orders | status_code=201 | elapsed_ms=2159.18
2026-05-26 09:34:15,730 | INFO | order-service.http | request | request_id=90035939-aa35-43af-b2ff-3840267fc6f4 | method=GET | path=/orders | status_code=200 | elapsed_ms=6.86
2026-05-26 09:34:16,347 | INFO | order-service.http | request | request_id=c060a650-26e9-447f-9358-3dafc6a96ad6 | method=GET | path=/orders | status_code=200 | elapsed_ms=5.22
2026-05-26 09:36:12,768 | INFO | order-service.http | request | request_id=8cca20f7-97c2-466f-a551-5cd88db55db4 | method=GET | path=/orders | status_code=200 | elapsed_ms=5.85
2026-05-26 09:36:13,227 | INFO | order-service.http | request | request_id=f5e37468-df22-4309-94c8-699f790c92b5 | method=GET | path=/orders | status_code=200 | elapsed_ms=7.35
2026-05-26 09:37:20,668 | INFO | order-service.http | request | request_id=fd4bbc88-d73f-4d91-ba00-ca3a16f1ac39 | method=GET | path=/orders | status_code=200 | elapsed_ms=6.72
2026-05-26 09:37:21,139 | INFO | order-service.http | request | request_id=13dbff26-dd8e-4cb7-8310-4fb6a2cdff5a | method=GET | path=/orders | status_code=200 | elapsed_ms=4.87
2026-05-26 09:41:25,083 | INFO | order-service.http | request | request_id=04e8e335-3463-4e83-b01d-114422e90f4f | method=GET | path=/orders | status_code=200 | elapsed_ms=6.88
2026-05-26 09:41:25,547 | INFO | order-service.http | request | request_id=cd134d5a-e9f3-4e5e-b0da-cceb77b3bb5e | method=GET | path=/orders | status_code=200 | elapsed_ms=4.85
2026-05-26 09:54:09,481 | INFO | order-service | health check requested
2026-05-26 09:54:09,482 | INFO | order-service.http | request | request_id=- | method=GET | path=/health | status_code=200 | elapsed_ms=2.22
2026-05-26 10:13:27,872 | INFO | order-service.http | request | request_id=2dec1bee-3694-4aa8-be6b-86ad7520128f | method=GET | path=/orders | status_code=200 | elapsed_ms=38.96
2026-05-26 10:13:28,317 | INFO | order-service.http | request | request_id=ef712b2e-5071-43b3-9a47-e116dfa93391 | method=GET | path=/orders | status_code=200 | elapsed_ms=10.80
2026-05-26 10:16:25,075 | INFO | order-service.http | request | request_id=99e723b8-9a94-419e-96f5-97010cac94f7 | method=GET | path=/orders | status_code=200 | elapsed_ms=5.99
2026-05-26 10:16:28,085 | INFO | order-service.http | request | request_id=040eef72-aebb-48ee-8772-d46b82a6edeb | method=GET | path=/orders | status_code=200 | elapsed_ms=4.77
2026-05-26 10:16:36,859 | INFO | order-service.http | request | request_id=8ad0bfab-b5b1-4d45-abf9-bbb3ffc568af | method=GET | path=/orders | status_code=200 | elapsed_ms=7.02
2026-05-26 10:16:37,310 | INFO | order-service.http | request | request_id=ef3fffa6-4acb-4f14-bbb1-531b57f0e522 | method=GET | path=/orders | status_code=200 | elapsed_ms=5.52
2026-05-26 10:16:47,171 | INFO | order-service.http | request | request_id=5182505c-4fc9-4905-b5ce-1e118af04720 | method=GET | path=/orders | status_code=200 | elapsed_ms=5.60
2026-05-26 10:16:47,763 | INFO | order-service.http | request | request_id=c1cdbb53-503a-4045-acca-ecd0969f2696 | method=GET | path=/orders | status_code=200 | elapsed_ms=5.76
2026-05-26 10:26:32,969 | INFO | order-service.http | request | request_id=5d3560b8-1d4f-4021-81e9-7f4cad0dac52 | method=GET | path=/orders | status_code=200 | elapsed_ms=9.44
2026-05-26 10:26:33,582 | INFO | order-service.http | request | request_id=43600ed7-9be9-4925-be2e-10103f862101 | method=GET | path=/orders | status_code=200 | elapsed_ms=8.22
2026-05-26 10:27:09,290 | INFO | order-service.http | request | request_id=822eebbb-9da1-4087-91da-b9052216f750 | method=GET | path=/orders | status_code=200 | elapsed_ms=7.16
2026-05-26 10:27:09,914 | INFO | order-service.http | request | request_id=9eba0a96-bbdc-45c1-8ff3-2442d92d8ae5 | method=GET | path=/orders | status_code=200 | elapsed_ms=5.59
2026-05-26 10:27:52,768 | INFO | order-service.http | request | request_id=2ea3c4b4-38a1-4d4e-bb2c-4da3bc9dffe6 | method=GET | path=/orders | status_code=200 | elapsed_ms=11.02
2026-05-26 10:27:54,444 | INFO | order-service.http | request | request_id=c65ca501-cb4f-448e-a4f5-3a33a9f2bf5b | method=GET | path=/orders | status_code=200 | elapsed_ms=5.19
2026-05-26 10:27:54,881 | INFO | order-service.http | request | request_id=6bb3d51d-3f04-40fa-8094-dd25c178dac7 | method=GET | path=/orders | status_code=200 | elapsed_ms=7.07
2026-05-26 10:27:55,490 | INFO | order-service.http | request | request_id=18353087-0b21-4254-b2e8-f21ed4ca9623 | method=GET | path=/orders | status_code=200 | elapsed_ms=5.25
2026-05-26 10:31:21,976 | INFO | order-service.http | request | request_id=49787889-4df7-45a6-9233-d33396823456 | method=GET | path=/orders | status_code=200 | elapsed_ms=6.22
2026-05-26 10:31:22,582 | INFO | order-service.http | request | request_id=2ef85ddd-6f78-45ca-8b80-0f08aa2aa468 | method=GET | path=/orders | status_code=200 | elapsed_ms=6.83
2026-05-26 10:31:34,373 | INFO | order-service.http | request | request_id=e3e53349-3156-46a6-95c1-9476f3d5a33d | method=GET | path=/orders | status_code=200 | elapsed_ms=5.22
2026-05-26 10:31:34,780 | INFO | order-service.http | request | request_id=8955e7e4-efd2-4b2d-bae1-b62e4864c992 | method=GET | path=/orders | status_code=200 | elapsed_ms=6.11
2026-05-26 10:31:50,674 | INFO | order-service.http | request | request_id=- | method=GET | path=/orders/1 | status_code=403 | elapsed_ms=9.41
2026-05-26 10:32:17,121 | INFO | order-service.http | request | request_id=53226528-1757-4dd6-8a27-ea337e102a6b | method=GET | path=/orders | status_code=200 | elapsed_ms=6.03
2026-05-26 10:32:17,601 | INFO | order-service.http | request | request_id=7a1dd01a-a5e5-488f-a292-b8d091e5c5c2 | method=GET | path=/orders | status_code=200 | elapsed_ms=5.77
2026-05-26 10:53:46,238 | INFO | order-service.http | request | request_id=28e44587-a847-44ed-834b-5d94d72081c3 | method=GET | path=/orders | status_code=200 | elapsed_ms=53.36
2026-05-26 10:53:46,669 | INFO | order-service.http | request | request_id=58cbee91-2aa6-4da7-9372-5b398db393ca | method=GET | path=/orders | status_code=200 | elapsed_ms=5.56
2026-05-26 10:54:19,779 | INFO | pika.adapters.utils.connection_workflow | Pika version 1.3.2 connecting to ('::1', 5672, 0, 0)
2026-05-26 10:54:19,780 | INFO | pika.adapters.utils.io_services_utils | Socket connected: <socket.socket fd=1296, family=23, type=1, proto=6, laddr=('::1', 53541, 0, 0), raddr=('::1', 5672, 0, 0)>
2026-05-26 10:54:19,782 | INFO | pika.adapters.utils.connection_workflow | Streaming transport linked up: (<pika.adapters.utils.io_services_utils._AsyncPlaintextTransport object at 0x000001E3BD7B2660>, _StreamingProtocolShim: <SelectConnection PROTOCOL transport=<pika.adapters.utils.io_services_utils._AsyncPlaintextTransport object at 0x000001E3BD7B2660> params=<URLParameters host=localhost port=5672 virtual_host=/ ssl=False>>).
2026-05-26 10:54:19,852 | INFO | pika.adapters.utils.connection_workflow | AMQPConnector - reporting success: <SelectConnection OPEN transport=<pika.adapters.utils.io_services_utils._AsyncPlaintextTransport object at 0x000001E3BD7B2660> params=<URLParameters host=localhost port=5672 virtual_host=/ ssl=False>>
2026-05-26 10:54:19,852 | INFO | pika.adapters.utils.connection_workflow | AMQPConnectionWorkflow - reporting success: <SelectConnection OPEN transport=<pika.adapters.utils.io_services_utils._AsyncPlaintextTransport object at 0x000001E3BD7B2660> params=<URLParameters host=localhost port=5672 virtual_host=/ ssl=False>>
2026-05-26 10:54:19,853 | INFO | pika.adapters.blocking_connection | Connection workflow succeeded: <SelectConnection OPEN transport=<pika.adapters.utils.io_services_utils._AsyncPlaintextTransport object at 0x000001E3BD7B2660> params=<URLParameters host=localhost port=5672 virtual_host=/ ssl=False>>
2026-05-26 10:54:19,853 | INFO | pika.adapters.blocking_connection | Created channel=1
2026-05-26 10:54:19,861 | INFO | pika.adapters.blocking_connection | Closing connection (200): Normal shutdown
2026-05-26 10:54:19,861 | INFO | pika.channel | Closing channel (200): 'Normal shutdown' on <Channel number=1 OPEN conn=<SelectConnection OPEN transport=<pika.adapters.utils.io_services_utils._AsyncPlaintextTransport object at 0x000001E3BD7B2660> params=<URLParameters host=localhost port=5672 virtual_host=/ ssl=False>>>
2026-05-26 10:54:19,924 | INFO | pika.channel | Received <Channel.CloseOk> on <Channel number=1 CLOSING conn=<SelectConnection OPEN transport=<pika.adapters.utils.io_services_utils._AsyncPlaintextTransport object at 0x000001E3BD7B2660> params=<URLParameters host=localhost port=5672 virtual_host=/ ssl=False>>>
2026-05-26 10:54:19,925 | INFO | pika.connection | Closing connection (200): 'Normal shutdown'
2026-05-26 10:54:19,926 | INFO | pika.adapters.utils.io_services_utils | Aborting transport connection: state=1; <socket.socket fd=1296, family=23, type=1, proto=6, laddr=('::1', 53541, 0, 0), raddr=('::1', 5672, 0, 0)>
2026-05-26 10:54:19,926 | INFO | pika.adapters.utils.io_services_utils | _AsyncTransportBase._initate_abort(): Initiating abrupt asynchronous transport shutdown: state=1; error=None; <socket.socket fd=1296, family=23, type=1, proto=6, laddr=('::1', 53541, 0, 0), raddr=('::1', 5672, 0, 0)>
2026-05-26 10:54:19,926 | INFO | pika.adapters.utils.io_services_utils | Deactivating transport: state=1; <socket.socket fd=1296, family=23, type=1, proto=6, laddr=('::1', 53541, 0, 0), raddr=('::1', 5672, 0, 0)>
2026-05-26 10:54:19,927 | INFO | pika.connection | AMQP stack terminated, failed to connect, or aborted: opened=True, error-arg=None; pending-error=ConnectionClosedByClient: (200) 'Normal shutdown'
2026-05-26 10:54:19,927 | INFO | pika.connection | Stack terminated due to ConnectionClosedByClient: (200) 'Normal shutdown'
2026-05-26 10:54:19,927 | INFO | pika.adapters.utils.io_services_utils | Closing transport socket and unlinking: state=3; <socket.socket fd=1296, family=23, type=1, proto=6, laddr=('::1', 53541, 0, 0), raddr=('::1', 5672, 0, 0)>
2026-05-26 10:54:19,927 | INFO | pika.adapters.blocking_connection | User-initiated close: result=BlockingConnection__OnClosedArgs(connection=<SelectConnection CLOSED transport=None params=<URLParameters host=localhost port=5672 virtual_host=/ ssl=False>>, error=ConnectionClosedByClient: (200) 'Normal shutdown')
2026-05-26 10:54:19,931 | INFO | order-service.http | request | request_id=64d4d543-bb69-4b56-91ae-3963ba36d728 | method=POST | path=/orders | status_code=201 | elapsed_ms=4279.31
2026-05-26 10:54:20,411 | INFO | order-service.http | request | request_id=b7873583-9d66-479c-935a-c67cda2460d9 | method=GET | path=/orders | status_code=200 | elapsed_ms=6.03
2026-05-26 10:54:21,412 | INFO | order-service.http | request | request_id=3dfab086-79f3-4f78-9a78-a874dd245aa6 | method=GET | path=/orders | status_code=200 | elapsed_ms=4.89
2026-05-26 10:54:21,918 | INFO | order-service.http | request | request_id=c3b35ec8-eab0-4b27-9cc5-2925f213a28c | method=GET | path=/orders | status_code=200 | elapsed_ms=5.46
2026-05-26 10:54:22,351 | INFO | order-service.http | request | request_id=a335266b-c587-4a85-ba40-40f9a80f27dd | method=GET | path=/orders | status_code=200 | elapsed_ms=5.55
2026-05-26 10:54:22,528 | INFO | pika.adapters.utils.connection_workflow | Pika version 1.3.2 connecting to ('::1', 5672, 0, 0)
2026-05-26 10:54:22,533 | INFO | pika.adapters.utils.io_services_utils | Socket connected: <socket.socket fd=1288, family=23, type=1, proto=6, laddr=('::1', 51170, 0, 0), raddr=('::1', 5672, 0, 0)>
2026-05-26 10:54:22,533 | INFO | pika.adapters.utils.connection_workflow | Streaming transport linked up: (<pika.adapters.utils.io_services_utils._AsyncPlaintextTransport object at 0x000001E3BD7EA3F0>, _StreamingProtocolShim: <SelectConnection PROTOCOL transport=<pika.adapters.utils.io_services_utils._AsyncPlaintextTransport object at 0x000001E3BD7EA3F0> params=<URLParameters host=localhost port=5672 virtual_host=/ ssl=False>>).
2026-05-26 10:54:22,592 | INFO | pika.adapters.utils.connection_workflow | AMQPConnector - reporting success: <SelectConnection OPEN transport=<pika.adapters.utils.io_services_utils._AsyncPlaintextTransport object at 0x000001E3BD7EA3F0> params=<URLParameters host=localhost port=5672 virtual_host=/ ssl=False>>
2026-05-26 10:54:22,592 | INFO | pika.adapters.utils.connection_workflow | AMQPConnectionWorkflow - reporting success: <SelectConnection OPEN transport=<pika.adapters.utils.io_services_utils._AsyncPlaintextTransport object at 0x000001E3BD7EA3F0> params=<URLParameters host=localhost port=5672 virtual_host=/ ssl=False>>
2026-05-26 10:54:22,596 | INFO | pika.adapters.blocking_connection | Connection workflow succeeded: <SelectConnection OPEN transport=<pika.adapters.utils.io_services_utils._AsyncPlaintextTransport object at 0x000001E3BD7EA3F0> params=<URLParameters host=localhost port=5672 virtual_host=/ ssl=False>>
2026-05-26 10:54:22,596 | INFO | pika.adapters.blocking_connection | Created channel=1
2026-05-26 10:54:22,598 | INFO | pika.adapters.blocking_connection | Closing connection (200): Normal shutdown
2026-05-26 10:54:22,598 | INFO | pika.channel | Closing channel (200): 'Normal shutdown' on <Channel number=1 OPEN conn=<SelectConnection OPEN transport=<pika.adapters.utils.io_services_utils._AsyncPlaintextTransport object at 0x000001E3BD7EA3F0> params=<URLParameters host=localhost port=5672 virtual_host=/ ssl=False>>>
2026-05-26 10:54:22,650 | INFO | pika.channel | Received <Channel.CloseOk> on <Channel number=1 CLOSING conn=<SelectConnection OPEN transport=<pika.adapters.utils.io_services_utils._AsyncPlaintextTransport object at 0x000001E3BD7EA3F0> params=<URLParameters host=localhost port=5672 virtual_host=/ ssl=False>>>
2026-05-26 10:54:22,650 | INFO | pika.connection | Closing connection (200): 'Normal shutdown'
2026-05-26 10:54:22,650 | INFO | pika.adapters.utils.io_services_utils | Aborting transport connection: state=1; <socket.socket fd=1288, family=23, type=1, proto=6, laddr=('::1', 51170, 0, 0), raddr=('::1', 5672, 0, 0)>
2026-05-26 10:54:22,650 | INFO | pika.adapters.utils.io_services_utils | _AsyncTransportBase._initate_abort(): Initiating abrupt asynchronous transport shutdown: state=1; error=None; <socket.socket fd=1288, family=23, type=1, proto=6, laddr=('::1', 51170, 0, 0), raddr=('::1', 5672, 0, 0)>
2026-05-26 10:54:22,650 | INFO | pika.adapters.utils.io_services_utils | Deactivating transport: state=1; <socket.socket fd=1288, family=23, type=1, proto=6, laddr=('::1', 51170, 0, 0), raddr=('::1', 5672, 0, 0)>
2026-05-26 10:54:22,653 | INFO | pika.connection | AMQP stack terminated, failed to connect, or aborted: opened=True, error-arg=None; pending-error=ConnectionClosedByClient: (200) 'Normal shutdown'
2026-05-26 10:54:22,653 | INFO | pika.connection | Stack terminated due to ConnectionClosedByClient: (200) 'Normal shutdown'
2026-05-26 10:54:22,653 | INFO | pika.adapters.utils.io_services_utils | Closing transport socket and unlinking: state=3; <socket.socket fd=1288, family=23, type=1, proto=6, laddr=('::1', 51170, 0, 0), raddr=('::1', 5672, 0, 0)>
2026-05-26 10:54:22,653 | INFO | pika.adapters.blocking_connection | User-initiated close: result=BlockingConnection__OnClosedArgs(connection=<SelectConnection CLOSED transport=None params=<URLParameters host=localhost port=5672 virtual_host=/ ssl=False>>, error=ConnectionClosedByClient: (200) 'Normal shutdown')
2026-05-26 10:54:22,656 | INFO | order-service.http | request | request_id=66a3aa76-2c08-406b-8258-62482c485958 | method=POST | path=/orders | status_code=201 | elapsed_ms=4254.44
2026-05-26 10:54:22,774 | INFO | order-service.http | request | request_id=c2080556-d0ef-44f7-8438-56f5c6573ade | method=GET | path=/orders | status_code=200 | elapsed_ms=5.21
2026-05-26 10:54:23,203 | INFO | order-service.http | request | request_id=c21d6e12-a4ec-4e09-8898-d17ebc31255c | method=GET | path=/orders | status_code=200 | elapsed_ms=5.73
2026-05-26 10:54:29,104 | INFO | order-service.http | request | request_id=80d2990b-4598-4c12-92d2-a8a9a8a0b6da | method=GET | path=/orders | status_code=200 | elapsed_ms=5.11
2026-05-26 10:54:29,710 | INFO | order-service.http | request | request_id=71216fdd-9d9f-478b-8bbb-9a50c4c6d997 | method=GET | path=/orders | status_code=200 | elapsed_ms=5.50
2026-05-26 10:54:30,131 | INFO | order-service.http | request | request_id=af683b60-237e-4ddb-8c3d-7d5b4c93335d | method=GET | path=/orders | status_code=200 | elapsed_ms=5.19
2026-05-26 10:54:30,548 | INFO | order-service.http | request | request_id=6b79f026-9186-46b5-bda2-1d9f97b49668 | method=GET | path=/orders | status_code=200 | elapsed_ms=4.76
2026-05-26 10:54:30,974 | INFO | order-service.http | request | request_id=898a5363-7f73-452e-aebd-8af74d84a84c | method=GET | path=/orders | status_code=200 | elapsed_ms=5.34
2026-05-26 10:54:31,393 | INFO | order-service.http | request | request_id=d9c8afbf-875c-4075-8215-88f077916865 | method=GET | path=/orders | status_code=200 | elapsed_ms=6.25
2026-05-26 10:54:38,317 | INFO | order-service.http | request | request_id=9b1197be-253f-42ff-950b-fb60783ef83c | method=GET | path=/orders | status_code=200 | elapsed_ms=7.27
2026-05-26 10:54:38,761 | INFO | order-service.http | request | request_id=70489010-399a-4f93-a6e2-8b10690d3802 | method=GET | path=/orders | status_code=200 | elapsed_ms=6.20
2026-05-26 10:57:03,019 | INFO | order-service.http | request | request_id=5d81059b-a6e5-4675-ae0c-e8aba21a8c63 | method=GET | path=/orders | status_code=200 | elapsed_ms=6.47
2026-05-26 10:57:03,453 | INFO | order-service.http | request | request_id=157e26ee-76e0-48f6-b429-f3459971b5f2 | method=GET | path=/orders | status_code=200 | elapsed_ms=5.79
2026-05-26 10:57:03,884 | INFO | order-service.http | request | request_id=fecf23e2-f8cb-4c12-82ae-b5a48c2b2fce | method=GET | path=/orders | status_code=200 | elapsed_ms=4.98
2026-05-26 10:57:23,985 | INFO | order-service.http | request | request_id=b89c6330-cb6e-41f6-b005-c92fe3ce476f | method=GET | path=/orders | status_code=200 | elapsed_ms=5.03
2026-05-26 10:57:24,562 | INFO | order-service.http | request | request_id=3572b2fc-4acd-4d7e-ac02-1e0a265db415 | method=GET | path=/orders | status_code=200 | elapsed_ms=5.04
2026-05-26 10:57:24,974 | INFO | order-service.http | request | request_id=a7c157d1-24e1-43b5-b1a6-e72ff3f39b71 | method=GET | path=/orders | status_code=200 | elapsed_ms=5.25
2026-05-26 10:57:25,391 | INFO | order-service.http | request | request_id=3cb2d57f-6b9d-4f05-baa1-2e99149cad11 | method=GET | path=/orders | status_code=200 | elapsed_ms=5.25
2026-05-26 10:57:25,816 | INFO | order-service.http | request | request_id=9172b250-afe0-4cf7-8a56-1d5783368143 | method=GET | path=/orders | status_code=200 | elapsed_ms=4.96
2026-05-26 10:57:26,255 | INFO | order-service.http | request | request_id=b81894c1-7291-4a9d-bc74-1c192c42506b | method=GET | path=/orders | status_code=200 | elapsed_ms=4.94
2026-05-26 10:59:05,969 | INFO | order-service.http | request | request_id=9cc5b854-a83d-4226-bc60-caae36a1de80 | method=GET | path=/orders | status_code=200 | elapsed_ms=4.82
2026-05-26 10:59:06,388 | INFO | order-service.http | request | request_id=12425508-9976-499e-903a-44a577be3f6c | method=GET | path=/orders | status_code=200 | elapsed_ms=5.09
2026-05-26 10:59:06,811 | INFO | order-service.http | request | request_id=70cc3f70-56ca-45e9-9525-4a116ff58af6 | method=GET | path=/orders | status_code=200 | elapsed_ms=5.19
2026-05-26 10:59:22,287 | INFO | order-service.http | request | request_id=df160cf1-9d32-41a6-901f-0eea228a7469 | method=GET | path=/orders | status_code=200 | elapsed_ms=5.17
2026-05-26 10:59:22,973 | INFO | order-service.http | request | request_id=96a59d29-21ca-4975-b0f8-13ac980b7309 | method=GET | path=/orders | status_code=200 | elapsed_ms=4.72
2026-05-26 11:04:17,371 | INFO | order-service.http | request | request_id=b635b0e3-ab15-4b79-8460-c9f0d6e00774 | method=GET | path=/orders | status_code=200 | elapsed_ms=5.90
2026-05-26 11:04:17,798 | INFO | order-service.http | request | request_id=558296f1-6975-4c6d-b52f-894f74d3e028 | method=GET | path=/orders | status_code=200 | elapsed_ms=5.16
2026-05-26 11:04:18,219 | INFO | order-service.http | request | request_id=33dfa64d-818b-4a18-a79e-de2c765acb9d | method=GET | path=/orders | status_code=200 | elapsed_ms=4.80
2026-05-26 11:04:18,650 | INFO | order-service.http | request | request_id=82d609db-328c-456e-a06f-514486651a39 | method=GET | path=/orders | status_code=200 | elapsed_ms=4.96
2026-05-26 11:04:19,072 | INFO | order-service.http | request | request_id=92479ca5-d899-4695-b903-1c2e20d8c3f4 | method=GET | path=/orders | status_code=200 | elapsed_ms=5.43
2026-05-26 11:04:36,619 | INFO | order-service.http | request | request_id=3d57ca41-15d8-4bae-a607-b80c9519df75 | method=GET | path=/orders | status_code=200 | elapsed_ms=4.35
2026-05-26 11:04:37,295 | INFO | order-service.http | request | request_id=ecd4f202-ec25-4fcc-9607-3a8381eccd50 | method=GET | path=/orders | status_code=200 | elapsed_ms=4.44
2026-05-26 11:05:40,294 | INFO | order-service.http | request | request_id=e95e8eef-9127-4cd5-a1c4-6f93cf8d6f40 | method=GET | path=/orders | status_code=200 | elapsed_ms=4.90
2026-05-26 11:05:41,644 | INFO | order-service.http | request | request_id=0990c819-db02-4f76-b012-21787f08e87c | method=GET | path=/orders | status_code=200 | elapsed_ms=5.12
2026-05-26 11:05:42,067 | INFO | order-service.http | request | request_id=6c6de794-d603-4cea-8d89-7532fbb2dff4 | method=GET | path=/orders | status_code=200 | elapsed_ms=5.27
2026-05-26 11:05:42,848 | INFO | order-service.http | request | request_id=1833d116-18c6-4835-81ca-b88bd94137aa | method=GET | path=/orders | status_code=200 | elapsed_ms=5.27
2026-05-26 11:16:31,495 | INFO | order-service.http | request | request_id=- | method=GET | path=/docs | status_code=200 | elapsed_ms=5.63
2026-05-26 11:16:44,048 | INFO | order-service.http | request | request_id=- | method=GET | path=/docs | status_code=200 | elapsed_ms=0.39
2026-05-26 11:16:44,140 | INFO | order-service.http | request | request_id=- | method=GET | path=/openapi.json | status_code=200 | elapsed_ms=12.15
2026-05-26 11:18:25,722 | INFO | order-service.http | request | request_id=674238ba-3364-4a0c-88e2-2afcfa282f2f | method=GET | path=/orders | status_code=200 | elapsed_ms=25.39
2026-05-26 11:18:26,173 | INFO | order-service.http | request | request_id=21c67a9f-2fed-4bd4-8a62-4a3cff497b75 | method=GET | path=/orders | status_code=200 | elapsed_ms=6.02
2026-05-26 11:18:38,535 | INFO | order-service.http | request | request_id=- | method=PATCH | path=/orders/9/status | status_code=403 | elapsed_ms=1.50
2026-05-26 11:19:05,865 | INFO | pika.adapters.utils.connection_workflow | Pika version 1.3.2 connecting to ('::1', 5672, 0, 0)
2026-05-26 11:19:05,865 | INFO | pika.adapters.utils.io_services_utils | Socket connected: <socket.socket fd=912, family=23, type=1, proto=6, laddr=('::1', 54157, 0, 0), raddr=('::1', 5672, 0, 0)>
2026-05-26 11:19:05,865 | INFO | pika.adapters.utils.connection_workflow | Streaming transport linked up: (<pika.adapters.utils.io_services_utils._AsyncPlaintextTransport object at 0x00000191DE539460>, _StreamingProtocolShim: <SelectConnection PROTOCOL transport=<pika.adapters.utils.io_services_utils._AsyncPlaintextTransport object at 0x00000191DE539460> params=<URLParameters host=localhost port=5672 virtual_host=/ ssl=False>>).
2026-05-26 11:19:05,931 | INFO | pika.adapters.utils.connection_workflow | AMQPConnector - reporting success: <SelectConnection OPEN transport=<pika.adapters.utils.io_services_utils._AsyncPlaintextTransport object at 0x00000191DE539460> params=<URLParameters host=localhost port=5672 virtual_host=/ ssl=False>>
2026-05-26 11:19:05,931 | INFO | pika.adapters.utils.connection_workflow | AMQPConnectionWorkflow - reporting success: <SelectConnection OPEN transport=<pika.adapters.utils.io_services_utils._AsyncPlaintextTransport object at 0x00000191DE539460> params=<URLParameters host=localhost port=5672 virtual_host=/ ssl=False>>
2026-05-26 11:19:05,938 | INFO | pika.adapters.blocking_connection | Connection workflow succeeded: <SelectConnection OPEN transport=<pika.adapters.utils.io_services_utils._AsyncPlaintextTransport object at 0x00000191DE539460> params=<URLParameters host=localhost port=5672 virtual_host=/ ssl=False>>
2026-05-26 11:19:05,938 | INFO | pika.adapters.blocking_connection | Created channel=1
2026-05-26 11:19:05,943 | INFO | pika.adapters.blocking_connection | Closing connection (200): Normal shutdown
2026-05-26 11:19:05,944 | INFO | pika.channel | Closing channel (200): 'Normal shutdown' on <Channel number=1 OPEN conn=<SelectConnection OPEN transport=<pika.adapters.utils.io_services_utils._AsyncPlaintextTransport object at 0x00000191DE539460> params=<URLParameters host=localhost port=5672 virtual_host=/ ssl=False>>>
2026-05-26 11:19:05,993 | INFO | pika.channel | Received <Channel.CloseOk> on <Channel number=1 CLOSING conn=<SelectConnection OPEN transport=<pika.adapters.utils.io_services_utils._AsyncPlaintextTransport object at 0x00000191DE539460> params=<URLParameters host=localhost port=5672 virtual_host=/ ssl=False>>>
2026-05-26 11:19:05,994 | INFO | pika.connection | Closing connection (200): 'Normal shutdown'
2026-05-26 11:19:05,995 | INFO | pika.adapters.utils.io_services_utils | Aborting transport connection: state=1; <socket.socket fd=912, family=23, type=1, proto=6, laddr=('::1', 54157, 0, 0), raddr=('::1', 5672, 0, 0)>
2026-05-26 11:19:05,995 | INFO | pika.adapters.utils.io_services_utils | _AsyncTransportBase._initate_abort(): Initiating abrupt asynchronous transport shutdown: state=1; error=None; <socket.socket fd=912, family=23, type=1, proto=6, laddr=('::1', 54157, 0, 0), raddr=('::1', 5672, 0, 0)>
2026-05-26 11:19:05,995 | INFO | pika.adapters.utils.io_services_utils | Deactivating transport: state=1; <socket.socket fd=912, family=23, type=1, proto=6, laddr=('::1', 54157, 0, 0), raddr=('::1', 5672, 0, 0)>
2026-05-26 11:19:05,996 | INFO | pika.connection | AMQP stack terminated, failed to connect, or aborted: opened=True, error-arg=None; pending-error=ConnectionClosedByClient: (200) 'Normal shutdown'
2026-05-26 11:19:05,996 | INFO | pika.connection | Stack terminated due to ConnectionClosedByClient: (200) 'Normal shutdown'
2026-05-26 11:19:05,996 | INFO | pika.adapters.utils.io_services_utils | Closing transport socket and unlinking: state=3; <socket.socket fd=912, family=23, type=1, proto=6, laddr=('::1', 54157, 0, 0), raddr=('::1', 5672, 0, 0)>
2026-05-26 11:19:05,996 | INFO | pika.adapters.blocking_connection | User-initiated close: result=BlockingConnection__OnClosedArgs(connection=<SelectConnection CLOSED transport=None params=<URLParameters host=localhost port=5672 virtual_host=/ ssl=False>>, error=ConnectionClosedByClient: (200) 'Normal shutdown')
2026-05-26 11:19:05,999 | INFO | order-service.http | request | request_id=- | method=PATCH | path=/orders/9/status | status_code=200 | elapsed_ms=172.71
2026-05-26 11:19:15,181 | INFO | order-service.http | request | request_id=b40d9e7f-bee4-4eda-88db-06325f6fca15 | method=GET | path=/orders | status_code=200 | elapsed_ms=5.51
2026-05-26 11:19:15,610 | INFO | order-service.http | request | request_id=c77e684a-2fe9-49d9-ba8f-9939049a5826 | method=GET | path=/orders | status_code=200 | elapsed_ms=6.70
2026-05-26 11:19:16,230 | INFO | order-service.http | request | request_id=a9a9e16d-c920-4725-8d86-45b7bed1e0e1 | method=GET | path=/orders | status_code=200 | elapsed_ms=5.53
2026-05-26 11:19:16,667 | INFO | order-service.http | request | request_id=a78b85d1-84c5-4b7e-a45d-65f429d7b39a | method=GET | path=/orders | status_code=200 | elapsed_ms=4.95
2026-05-26 11:19:17,106 | INFO | order-service.http | request | request_id=86f5932b-4fb2-479d-be67-1dce8eef9700 | method=GET | path=/orders | status_code=200 | elapsed_ms=5.66
2026-05-26 11:19:17,536 | INFO | order-service.http | request | request_id=3bb01d55-3ce4-4afa-98c9-fd3bf693af58 | method=GET | path=/orders | status_code=200 | elapsed_ms=5.27
2026-05-26 11:24:23,320 | INFO | pika.adapters.utils.connection_workflow | Pika version 1.3.2 connecting to ('::1', 5672, 0, 0)
2026-05-26 11:24:23,320 | INFO | pika.adapters.utils.io_services_utils | Socket connected: <socket.socket fd=1312, family=23, type=1, proto=6, laddr=('::1', 61326, 0, 0), raddr=('::1', 5672, 0, 0)>
2026-05-26 11:24:23,320 | INFO | pika.adapters.utils.connection_workflow | Streaming transport linked up: (<pika.adapters.utils.io_services_utils._AsyncPlaintextTransport object at 0x00000191DE53B1D0>, _StreamingProtocolShim: <SelectConnection PROTOCOL transport=<pika.adapters.utils.io_services_utils._AsyncPlaintextTransport object at 0x00000191DE53B1D0> params=<URLParameters host=localhost port=5672 virtual_host=/ ssl=False>>).
2026-05-26 11:24:23,377 | INFO | pika.adapters.utils.connection_workflow | AMQPConnector - reporting success: <SelectConnection OPEN transport=<pika.adapters.utils.io_services_utils._AsyncPlaintextTransport object at 0x00000191DE53B1D0> params=<URLParameters host=localhost port=5672 virtual_host=/ ssl=False>>
2026-05-26 11:24:23,377 | INFO | pika.adapters.utils.connection_workflow | AMQPConnectionWorkflow - reporting success: <SelectConnection OPEN transport=<pika.adapters.utils.io_services_utils._AsyncPlaintextTransport object at 0x00000191DE53B1D0> params=<URLParameters host=localhost port=5672 virtual_host=/ ssl=False>>
2026-05-26 11:24:23,382 | INFO | pika.adapters.blocking_connection | Connection workflow succeeded: <SelectConnection OPEN transport=<pika.adapters.utils.io_services_utils._AsyncPlaintextTransport object at 0x00000191DE53B1D0> params=<URLParameters host=localhost port=5672 virtual_host=/ ssl=False>>
2026-05-26 11:24:23,382 | INFO | pika.adapters.blocking_connection | Created channel=1
2026-05-26 11:24:23,385 | INFO | pika.adapters.blocking_connection | Closing connection (200): Normal shutdown
2026-05-26 11:24:23,385 | INFO | pika.channel | Closing channel (200): 'Normal shutdown' on <Channel number=1 OPEN conn=<SelectConnection OPEN transport=<pika.adapters.utils.io_services_utils._AsyncPlaintextTransport object at 0x00000191DE53B1D0> params=<URLParameters host=localhost port=5672 virtual_host=/ ssl=False>>>
2026-05-26 11:24:23,439 | INFO | pika.channel | Received <Channel.CloseOk> on <Channel number=1 CLOSING conn=<SelectConnection OPEN transport=<pika.adapters.utils.io_services_utils._AsyncPlaintextTransport object at 0x00000191DE53B1D0> params=<URLParameters host=localhost port=5672 virtual_host=/ ssl=False>>>
2026-05-26 11:24:23,439 | INFO | pika.connection | Closing connection (200): 'Normal shutdown'
2026-05-26 11:24:23,440 | INFO | pika.adapters.utils.io_services_utils | Aborting transport connection: state=1; <socket.socket fd=1312, family=23, type=1, proto=6, laddr=('::1', 61326, 0, 0), raddr=('::1', 5672, 0, 0)>
2026-05-26 11:24:23,440 | INFO | pika.adapters.utils.io_services_utils | _AsyncTransportBase._initate_abort(): Initiating abrupt asynchronous transport shutdown: state=1; error=None; <socket.socket fd=1312, family=23, type=1, proto=6, laddr=('::1', 61326, 0, 0), raddr=('::1', 5672, 0, 0)>
2026-05-26 11:24:23,440 | INFO | pika.adapters.utils.io_services_utils | Deactivating transport: state=1; <socket.socket fd=1312, family=23, type=1, proto=6, laddr=('::1', 61326, 0, 0), raddr=('::1', 5672, 0, 0)>
2026-05-26 11:24:23,440 | INFO | pika.connection | AMQP stack terminated, failed to connect, or aborted: opened=True, error-arg=None; pending-error=ConnectionClosedByClient: (200) 'Normal shutdown'
2026-05-26 11:24:23,440 | INFO | pika.connection | Stack terminated due to ConnectionClosedByClient: (200) 'Normal shutdown'
2026-05-26 11:24:23,440 | INFO | pika.adapters.utils.io_services_utils | Closing transport socket and unlinking: state=3; <socket.socket fd=1312, family=23, type=1, proto=6, laddr=('::1', 61326, 0, 0), raddr=('::1', 5672, 0, 0)>
2026-05-26 11:24:23,440 | INFO | pika.adapters.blocking_connection | User-initiated close: result=BlockingConnection__OnClosedArgs(connection=<SelectConnection CLOSED transport=None params=<URLParameters host=localhost port=5672 virtual_host=/ ssl=False>>, error=ConnectionClosedByClient: (200) 'Normal shutdown')
2026-05-26 11:24:23,444 | INFO | order-service.http | request | request_id=- | method=PATCH | path=/orders/10/status | status_code=200 | elapsed_ms=145.35
2026-05-26 11:25:25,349 | INFO | order-service.http | request | request_id=829a7516-b3e3-4054-9dfb-99b5750cf998 | method=GET | path=/orders | status_code=200 | elapsed_ms=5.96
2026-05-26 11:25:25,959 | INFO | order-service.http | request | request_id=db58ffb6-07b6-4338-9bc3-3cd461ccf1c9 | method=GET | path=/orders | status_code=200 | elapsed_ms=5.06
2026-05-26 11:25:26,371 | INFO | order-service.http | request | request_id=2ce0ceca-d255-47cb-8cd9-645271633465 | method=GET | path=/orders | status_code=200 | elapsed_ms=5.26
2026-05-26 11:25:26,800 | INFO | order-service.http | request | request_id=4b6107ec-a6e2-4bdc-9f7e-e7f22f819d07 | method=GET | path=/orders | status_code=200 | elapsed_ms=5.59
2026-05-26 11:25:27,229 | INFO | order-service.http | request | request_id=d281a817-360c-4d20-ba66-966660449a9d | method=GET | path=/orders | status_code=200 | elapsed_ms=5.36
2026-05-26 11:25:27,656 | INFO | order-service.http | request | request_id=bcd48fe8-3033-4ff4-a85f-44ad34e7842c | method=GET | path=/orders | status_code=200 | elapsed_ms=5.38
